Archive member included to satisfy reference by file (symbol)

/opt/devkitpro/libnx/lib/libnx.a(sm.o)
                              ipc.o (smGetServiceWrapper)
/opt/devkitpro/libnx/lib/libnx.a(diag.o)
                              /opt/devkitpro/libnx/lib/libnx.a(sm.o) (diagAbortWithResult)
/opt/devkitpro/libnx/lib/libnx.a(hosversion.o)
                              /opt/devkitpro/libnx/lib/libnx.a(sm.o) (hosversionGet)
/opt/devkitpro/libnx/lib/libnx.a(svc.o)
                              /opt/devkitpro/libnx/lib/libnx.a(sm.o) (svcSleepThread)
/opt/devkitpro/libnx/lib/libnx.a(switch_crt0.o)
                              (_start)
/opt/devkitpro/libnx/lib/libnx.a(mutex.o)
                              /opt/devkitpro/libnx/lib/libnx.a(sm.o) (mutexLock)
/opt/devkitpro/libnx/lib/libnx.a(argv.o)
                              /opt/devkitpro/libnx/lib/libnx.a(switch_crt0.o) (__system_argc)
/opt/devkitpro/libnx/lib/libnx.a(dynamic.o)
                              /opt/devkitpro/libnx/lib/libnx.a(switch_crt0.o) (__nx_dynamic)
/opt/devkitpro/libnx/lib/libnx.a(env.o)
                              /opt/devkitpro/libnx/lib/libnx.a(argv.o) (envIsNso)
/opt/devkitpro/libnx/lib/libnx.a(init.o)
                              /opt/devkitpro/libnx/lib/libnx.a(switch_crt0.o) (__libnx_init)
/opt/devkitpro/libnx/lib/libnx.a(newlib.o)
                              /opt/devkitpro/libnx/lib/libnx.a(init.o) (__libnx_init_time)
/opt/devkitpro/libnx/lib/libnx.a(nxlink.o)
                              /opt/devkitpro/libnx/lib/libnx.a(argv.o) (nxlinkSetup)
/opt/devkitpro/libnx/lib/libnx.a(fs_dev.o)
                              /opt/devkitpro/libnx/lib/libnx.a(init.o) (fsdevMountSdmc)
/opt/devkitpro/libnx/lib/libnx.a(path_buf.o)
                              /opt/devkitpro/libnx/lib/libnx.a(fs_dev.o) (__nx_dev_path_buf)
/opt/devkitpro/libnx/lib/libnx.a(decode_utf8.o)
                              /opt/devkitpro/libnx/lib/libnx.a(fs_dev.o) (decode_utf8)
/opt/devkitpro/libnx/lib/libnx.a(exception.o)
                              /opt/devkitpro/libnx/lib/libnx.a(switch_crt0.o) (__libnx_exception_entry)
/opt/devkitpro/libnx/lib/libnx.a(readtp.o)
                              /opt/devkitpro/libnx/lib/libnx.a(fs_dev.o) (__aarch64_read_tp)
/opt/devkitpro/libnx/lib/libnx.a(condvar.o)
                              /opt/devkitpro/libnx/lib/libnx.a(newlib.o) (condvarWaitTimeout)
/opt/devkitpro/libnx/lib/libnx.a(thread.o)
                              /opt/devkitpro/libnx/lib/libnx.a(init.o) (__libnx_init_thread)
/opt/devkitpro/libnx/lib/libnx.a(virtmem.o)
                              /opt/devkitpro/libnx/lib/libnx.a(init.o) (virtmemSetup)
/opt/devkitpro/libnx/lib/libnx.a(wait.o)
                              /opt/devkitpro/libnx/lib/libnx.a(thread.o) (waitHandles)
/opt/devkitpro/libnx/lib/libnx.a(applet.o)
                              /opt/devkitpro/libnx/lib/libnx.a(init.o) (__nx_applet_type)
/opt/devkitpro/libnx/lib/libnx.a(fs.o)
                              /opt/devkitpro/libnx/lib/libnx.a(init.o) (fsInitialize)
/opt/devkitpro/libnx/lib/libnx.a(hid.o)
                              /opt/devkitpro/libnx/lib/libnx.a(init.o) (hidInitialize)
/opt/devkitpro/libnx/lib/libnx.a(set.o)
                              /opt/devkitpro/libnx/lib/libnx.a(init.o) (setsysInitialize)
/opt/devkitpro/libnx/lib/libnx.a(time.o)
                              /opt/devkitpro/libnx/lib/libnx.a(init.o) (timeInitialize)
/opt/devkitpro/libnx/lib/libnx.a(alloc.o)
                              /opt/devkitpro/libnx/lib/libnx.a(newlib.o) (__libnx_alloc)
/opt/devkitpro/libnx/lib/libnx.a(event.o)
                              /opt/devkitpro/libnx/lib/libnx.a(applet.o) (eventLoadRemote)
/opt/devkitpro/libnx/lib/libnx.a(random.o)
                              /opt/devkitpro/libnx/lib/libnx.a(virtmem.o) (randomGet64)
/opt/devkitpro/libnx/lib/libnx.a(shmem.o)
                              /opt/devkitpro/libnx/lib/libnx.a(hid.o) (shmemLoadRemote)
/opt/devkitpro/libnx/lib/libnx.a(tmem.o)
                              /opt/devkitpro/libnx/lib/libnx.a(applet.o) (tmemCreate)
/opt/devkitpro/libnx/lib/libnx.a(sessionmgr.o)
                              /opt/devkitpro/libnx/lib/libnx.a(fs.o) (sessionmgrCreate)
/opt/devkitpro/libnx/lib/libnx.a(apm.o)
                              /opt/devkitpro/libnx/lib/libnx.a(applet.o) (apmInitialize)
/opt/devkitpro/devkitA64/bin/../lib/gcc/aarch64-none-elf/13.1.0/../../../../aarch64-none-elf/lib/pic/libg.a(libc_a-ctype_.o)
                              /opt/devkitpro/libnx/lib/libnx.a(argv.o) (_ctype_)
/opt/devkitpro/devkitA64/bin/../lib/gcc/aarch64-none-elf/13.1.0/../../../../aarch64-none-elf/lib/pic/libg.a(libc_a-setenv.o)
                              /opt/devkitpro/libnx/lib/libnx.a(newlib.o) (setenv)
/opt/devkitpro/devkitA64/bin/../lib/gcc/aarch64-none-elf/13.1.0/../../../../aarch64-none-elf/lib/pic/libg.a(libc_a-bsearch.o)
                              /opt/devkitpro/libnx/lib/libnx.a(fs_dev.o) (bsearch)
[...]
Memory Configuration

Name             Origin             Length             Attributes
*default*        0x0000000000000000 0xffffffffffffffff

Linker script and memory map

                0x0000000000000000                PROVIDE (__start__ = 0x0)
                0x0000000000000000                . = __start__
                0x0000000000000000                __code_start = .

.text           0x0000000000000000     0xd968
 *(.crt0)
 .crt0          0x0000000000000000      0x140 /opt/devkitpro/libnx/lib/libnx.a(switch_crt0.o)
                0x0000000000000000                _start
                0x0000000000000108                __nx_exit
                0x0000000000000118                __nx_mod0
 *(.text.unlikely .text.*_unlikely .text.unlikely.*)
 *(.text.exit .text.exit.*)
 .text.exit     0x0000000000000140       0x34 /opt/devkitpro/devkitA64/bin/../lib/gcc/aarch64-none-elf/13.1.0/../../../../aarch64-none-elf/lib/pic/libg.a(libc_a-exit.o)
                0x0000000000000140                exit
 *(.text.startup .text.startup.*)
 *(.text.hot .text.hot.*)
 *(.text .stub .text.* .gnu.linkonce.t.*)
 *fill*         0x0000000000000174        0xc 
 .text.__do_global_dtors_aux
                0x0000000000000180       0x44 /opt/devkitpro/devkitA64/bin/../lib/gcc/aarch64-none-elf/13.1.0/pic/crtbegin.o
 *fill*         0x00000000000001c4        0xc 
 .text.frame_dummy
                0x00000000000001d0       0x24 /opt/devkitpro/devkitA64/bin/../lib/gcc/aarch64-none-elf/13.1.0/pic/crtbegin.o
 *fill*         0x00000000000001f4        0xc 
 .text._smCmifCmdInPid
                0x0000000000000200       0xd0 /opt/devkitpro/libnx/lib/libnx.a(sm.o)
 .text._smCleanup
                0x00000000000002d0       0x68 /opt/devkitpro/libnx/lib/libnx.a(sm.o)
 *fill*         0x0000000000000338        0x8 
 .text.smAddOverrideHandle
                0x0000000000000340       0x48 /opt/devkitpro/libnx/lib/libnx.a(sm.o)
                0x0000000000000340                smAddOverrideHandle
 *fill*         0x0000000000000388        0x8 
 .text.smGetServiceOverride
                0x0000000000000390       0x54 /opt/devkitpro/libnx/lib/libnx.a(sm.o)
                0x0000000000000390                smGetServiceOverride
 *fill*         0x00000000000003e4        0xc 
 .text.smInitialize
                0x00000000000003f0      0x1c0 /opt/devkitpro/libnx/lib/libnx.a(sm.o)
                0x00000000000003f0                smInitialize
 .text.smExit   0x00000000000005b0       0x44 /opt/devkitpro/libnx/lib/libnx.a(sm.o)
                0x00000000000005b0                smExit
 *fill*         0x00000000000005f4        0xc 
 .text.smGetServiceOriginal
                0x0000000000000600       0xd0 /opt/devkitpro/libnx/lib/libnx.a(sm.o)
                0x0000000000000600                smGetServiceOriginal
 .text.smGetServiceWrapper
                0x00000000000006d0      0x120 /opt/devkitpro/libnx/lib/libnx.a(sm.o)
                0x00000000000006d0                smGetServiceWrapper
 .text.diagAbortWithResult
                0x00000000000007f0       0x1c /opt/devkitpro/libnx/lib/libnx.a(diag.o)
                0x00000000000007f0                diagAbortWithResult
 *fill*         0x000000000000080c        0x4 
 .text.hosversionGet
                0x0000000000000810       0x14 /opt/devkitpro/libnx/lib/libnx.a(hosversion.o)
                0x0000000000000810                hosversionGet
 *fill*         0x0000000000000824        0xc 
 .text.hosversionSet
                0x0000000000000830       0x10 /opt/devkitpro/libnx/lib/libnx.a(hosversion.o)
                0x0000000000000830                hosversionSet
 .text.svcSetHeapSize
                0x0000000000000840       0x14 /opt/devkitpro/libnx/lib/libnx.a(svc.o)
                0x0000000000000840                svcSetHeapSize
 .text.svcUnmapMemory
                0x0000000000000854        0x8 /opt/devkitpro/libnx/lib/libnx.a(svc.o)
                0x0000000000000854                svcUnmapMemory
 .text.svcQueryMemory
                0x000000000000085c       0x14 /opt/devkitpro/libnx/lib/libnx.a(svc.o)
                0x000000000000085c                svcQueryMemory
 .text.svcExitProcess
                0x0000000000000870        0x8 /opt/devkitpro/libnx/lib/libnx.a(svc.o)
                0x0000000000000870                svcExitProcess
 .text.svcSleepThread
                0x0000000000000878        0x8 /opt/devkitpro/libnx/lib/libnx.a(svc.o)
                0x0000000000000878                svcSleepThread
 .text.svcMapSharedMemory
                0x0000000000000880        0x8 /opt/devkitpro/libnx/lib/libnx.a(svc.o)
                0x0000000000000880                svcMapSharedMemory
 .text.svcUnmapSharedMemory
                0x0000000000000888        0x8 /opt/devkitpro/libnx/lib/libnx.a(svc.o)
                0x0000000000000888                svcUnmapSharedMemory
 .text.svcCloseHandle
                0x0000000000000890        0x8 /opt/devkitpro/libnx/lib/libnx.a(svc.o)
                0x0000000000000890                svcCloseHandle
 .text.svcResetSignal
                0x0000000000000898        0x8 /opt/devkitpro/libnx/lib/libnx.a(svc.o)
                0x0000000000000898                svcResetSignal
 .text.svcWaitSynchronization
                0x00000000000008a0       0x14 /opt/devkitpro/libnx/lib/libnx.a(svc.o)
                0x00000000000008a0                svcWaitSynchronization
 .text.svcArbitrateLock
                0x00000000000008b4        0x8 /opt/devkitpro/libnx/lib/libnx.a(svc.o)
                0x00000000000008b4                svcArbitrateLock
 .text.svcArbitrateUnlock
                0x00000000000008bc        0x8 /opt/devkitpro/libnx/lib/libnx.a(svc.o)
                0x00000000000008bc                svcArbitrateUnlock
 .text.svcWaitProcessWideKeyAtomic
                0x00000000000008c4        0x8 /opt/devkitpro/libnx/lib/libnx.a(svc.o)
                0x00000000000008c4                svcWaitProcessWideKeyAtomic
 .text.svcSignalProcessWideKey
                0x00000000000008cc        0x8 /opt/devkitpro/libnx/lib/libnx.a(svc.o)
                0x00000000000008cc                svcSignalProcessWideKey
 .text.svcConnectToNamedPort
                0x00000000000008d4       0x14 /opt/devkitpro/libnx/lib/libnx.a(svc.o)
                0x00000000000008d4                svcConnectToNamedPort
 .text.svcSendSyncRequest
                0x00000000000008e8        0x8 /opt/devkitpro/libnx/lib/libnx.a(svc.o)
                0x00000000000008e8                svcSendSyncRequest
 .text.svcBreak
                0x00000000000008f0        0x8 /opt/devkitpro/libnx/lib/libnx.a(svc.o)
                0x00000000000008f0                svcBreak
 .text.svcReturnFromException
                0x00000000000008f8        0x8 /opt/devkitpro/libnx/lib/libnx.a(svc.o)
                0x00000000000008f8                svcReturnFromException
 .text.svcGetInfo
                0x0000000000000900       0x14 /opt/devkitpro/libnx/lib/libnx.a(svc.o)
                0x0000000000000900                svcGetInfo
 .text.svcUnmapTransferMemory
                0x0000000000000914        0x8 /opt/devkitpro/libnx/lib/libnx.a(svc.o)
                0x0000000000000914                svcUnmapTransferMemory
 *fill*         0x000000000000091c        0x4 
 .text.mutexLock
                0x0000000000000920       0x80 /opt/devkitpro/libnx/lib/libnx.a(mutex.o)
                0x0000000000000920                mutexLock
 .text.mutexUnlock
                0x00000000000009a0       0x68 /opt/devkitpro/libnx/lib/libnx.a(mutex.o)
                0x00000000000009a0                mutexUnlock
 *fill*         0x0000000000000a08        0x8 
 .text.mutexIsLockedByCurrentThread
                0x0000000000000a10       0x1c /opt/devkitpro/libnx/lib/libnx.a(mutex.o)
                0x0000000000000a10                mutexIsLockedByCurrentThread
 *fill*         0x0000000000000a2c        0x4 
 .text.rmutexLock
                0x0000000000000a30       0x4c /opt/devkitpro/libnx/lib/libnx.a(mutex.o)
                0x0000000000000a30                rmutexLock
 *fill*         0x0000000000000a7c        0x4 
 .text.rmutexUnlock
                0x0000000000000a80       0x1c /opt/devkitpro/libnx/lib/libnx.a(mutex.o)
                0x0000000000000a80                rmutexUnlock
 *fill*         0x0000000000000a9c        0x4 
 .text.argvSetup
                0x0000000000000aa0      0x2f8 /opt/devkitpro/libnx/lib/libnx.a(argv.o)
                0x0000000000000aa0                argvSetup
 *fill*         0x0000000000000d98        0x8 
 .text.__nx_dynamic
                0x0000000000000da0       0xa4 /opt/devkitpro/libnx/lib/libnx.a(dynamic.o)
                0x0000000000000da0                __nx_dynamic
 *fill*         0x0000000000000e44        0xc 
 .text.envSetup
                0x0000000000000e50      0x208 /opt/devkitpro/libnx/lib/libnx.a(env.o)
                0x0000000000000e50                envSetup
 *fill*         0x0000000000001058        0x8 
 .text.envGetMainThreadHandle
                0x0000000000001060       0x20 /opt/devkitpro/libnx/lib/libnx.a(env.o)
                0x0000000000001060                envGetMainThreadHandle
 .text.envIsNso
                0x0000000000001080        0xc /opt/devkitpro/libnx/lib/libnx.a(env.o)
                0x0000000000001080                envIsNso
 *fill*         0x000000000000108c        0x4 
 .text.envHasHeapOverride
                0x0000000000001090       0x14 /opt/devkitpro/libnx/lib/libnx.a(env.o)
                0x0000000000001090                envHasHeapOverride
 *fill*         0x00000000000010a4        0xc 
 .text.envGetHeapOverrideAddr
                0x00000000000010b0        0xc /opt/devkitpro/libnx/lib/libnx.a(env.o)
                0x00000000000010b0                envGetHeapOverrideAddr
 *fill*         0x00000000000010bc        0x4 
 .text.envGetHeapOverrideSize
                0x00000000000010c0        0xc /opt/devkitpro/libnx/lib/libnx.a(env.o)
                0x00000000000010c0                envGetHeapOverrideSize
 *fill*         0x00000000000010cc        0x4 
 .text.envHasArgv
                0x00000000000010d0       0x14 /opt/devkitpro/libnx/lib/libnx.a(env.o)
                0x00000000000010d0                envHasArgv
 *fill*         0x00000000000010e4        0xc 
 .text.envGetArgv
                0x00000000000010f0        0xc /opt/devkitpro/libnx/lib/libnx.a(env.o)
                0x00000000000010f0                envGetArgv
 *fill*         0x00000000000010fc        0x4 
 .text.envGetExitFuncPtr
                0x0000000000001100        0xc /opt/devkitpro/libnx/lib/libnx.a(env.o)
                0x0000000000001100                envGetExitFuncPtr
 *fill*         0x000000000000110c        0x4 
 .text.envSetExitFuncPtr
                0x0000000000001110        0xc /opt/devkitpro/libnx/lib/libnx.a(env.o)
                0x0000000000001110                envSetExitFuncPtr
 *fill*         0x000000000000111c        0x4 
 .text.envHasRandomSeed
                0x0000000000001120        0xc /opt/devkitpro/libnx/lib/libnx.a(env.o)
                0x0000000000001120                envHasRandomSeed
 *fill*         0x000000000000112c        0x4 
 .text.envGetRandomSeed
                0x0000000000001130       0x10 /opt/devkitpro/libnx/lib/libnx.a(env.o)
                0x0000000000001130                envGetRandomSeed
 .text.__libnx_initheap
                0x0000000000001140       0xd4 /opt/devkitpro/libnx/lib/libnx.a(init.o)
                0x0000000000001140                __libnx_initheap
 *fill*         0x0000000000001214        0xc 
 .text.__appInit
                0x0000000000001220       0xec /opt/devkitpro/libnx/lib/libnx.a(init.o)
                0x0000000000001220                __appInit
 *fill*         0x000000000000130c        0x4 
 .text.__appExit
                0x0000000000001310       0x44 /opt/devkitpro/libnx/lib/libnx.a(init.o)
                0x0000000000001310                __appExit
 *fill*         0x0000000000001354        0xc 
 .text.__libnx_init
                0x0000000000001360       0x2c /opt/devkitpro/libnx/lib/libnx.a(init.o)
                0x0000000000001360                __libnx_init
 *fill*         0x000000000000138c        0x4 
 .text.__libnx_exit
                0x0000000000001390       0x20 /opt/devkitpro/libnx/lib/libnx.a(init.o)
                0x0000000000001390                __libnx_exit
 .text.__syscall_exit
                0x00000000000013b0       0x1c /opt/devkitpro/libnx/lib/libnx.a(newlib.o)
                0x00000000000013b0                __syscall_exit
 *fill*         0x00000000000013cc        0x4 
 .text.__syscall_getreent
                0x00000000000013d0       0x34 /opt/devkitpro/libnx/lib/libnx.a(newlib.o)
                0x00000000000013d0                __syscall_getreent
 *fill*         0x0000000000001404        0xc 
 .text.__syscall_lock_acquire_recursive
                0x0000000000001410        0x4 /opt/devkitpro/libnx/lib/libnx.a(newlib.o)
                0x0000000000001410                __syscall_lock_acquire_recursive
 *fill*         0x0000000000001414        0xc 
 .text.__syscall_lock_release_recursive
                0x0000000000001420        0x4 /opt/devkitpro/libnx/lib/libnx.a(newlib.o)
                0x0000000000001420                __syscall_lock_release_recursive
 *fill*         0x0000000000001424        0xc 
 .text.__libnx_init_time
                0x0000000000001430      0x238 /opt/devkitpro/libnx/lib/libnx.a(newlib.o)
                0x0000000000001430                __libnx_init_time
 *fill*         0x0000000000001668        0x8 
 .text.newlibSetup
                0x0000000000001670       0x84 /opt/devkitpro/libnx/lib/libnx.a(newlib.o)
                0x0000000000001670                newlibSetup
 *fill*         0x00000000000016f4        0xc 
 .text.nxlinkSetup
                0x0000000000001700       0xc4 /opt/devkitpro/libnx/lib/libnx.a(nxlink.o)
                0x0000000000001700                nxlinkSetup
 *fill*         0x00000000000017c4        0xc 
 .text.fsdev_link
                0x00000000000017d0       0x14 /opt/devkitpro/libnx/lib/libnx.a(fs_dev.o)
 *fill*         0x00000000000017e4        0xc 
 .text.fsdev_dirreset
                0x00000000000017f0       0x14 /opt/devkitpro/libnx/lib/libnx.a(fs_dev.o)
 *fill*         0x0000000000001804        0xc 
 .text.fsdev_chmod
                0x0000000000001810       0x14 /opt/devkitpro/libnx/lib/libnx.a(fs_dev.o)
 *fill*         0x0000000000001824        0xc 
 .text.error_cmp
                0x0000000000001830       0x18 /opt/devkitpro/libnx/lib/libnx.a(fs_dev.o)
 *fill*         0x0000000000001848        0x8 
 .text.fsdev_dirclose
                0x0000000000001850       0x20 /opt/devkitpro/libnx/lib/libnx.a(fs_dev.o)
 .text.fsdev_close
                0x0000000000001870       0x1c /opt/devkitpro/libnx/lib/libnx.a(fs_dev.o)
 *fill*         0x000000000000188c        0x4 
 .text.fsdev_converttimetoutc
                0x0000000000001890       0x80 /opt/devkitpro/libnx/lib/libnx.a(fs_dev.o)
 .text.fsdevFindDevice.part.0
                0x0000000000001910       0xe0 /opt/devkitpro/libnx/lib/libnx.a(fs_dev.o)
 .text.fsdev_fixpath
                0x00000000000019f0      0x1c0 /opt/devkitpro/libnx/lib/libnx.a(fs_dev.o)
 .text._fsdevUnmountDeviceStruct.part.0
                0x0000000000001bb0       0xa0 /opt/devkitpro/libnx/lib/libnx.a(fs_dev.o)
 .text.fsdev_fchmod
                0x0000000000001c50       0x14 /opt/devkitpro/libnx/lib/libnx.a(fs_dev.o)
 *fill*         0x0000000000001c64        0xc 
 .text.fsdev_diropen
                0x0000000000001c70      0x108 /opt/devkitpro/libnx/lib/libnx.a(fs_dev.o)
 *fill*         0x0000000000001d78        0x8 
 .text.fsdev_statvfs
                0x0000000000001d80       0xfc /opt/devkitpro/libnx/lib/libnx.a(fs_dev.o)
 *fill*         0x0000000000001e7c        0x4 
 .text.fsdev_fsync
                0x0000000000001e80       0x7c /opt/devkitpro/libnx/lib/libnx.a(fs_dev.o)
 *fill*         0x0000000000001efc        0x4 
 .text.fsdev_fstat
                0x0000000000001f00       0xf4 /opt/devkitpro/libnx/lib/libnx.a(fs_dev.o)
 *fill*         0x0000000000001ff4        0xc 
 .text.fsdev_ftruncate
                0x0000000000002000       0x94 /opt/devkitpro/libnx/lib/libnx.a(fs_dev.o)
 *fill*         0x0000000000002094        0xc 
 .text.fsdev_stat
                0x00000000000020a0      0x1fc /opt/devkitpro/libnx/lib/libnx.a(fs_dev.o)
 *fill*         0x000000000000229c        0x4 
 .text.fsdev_rename
                0x00000000000022a0      0x14c /opt/devkitpro/libnx/lib/libnx.a(fs_dev.o)
 *fill*         0x00000000000023ec        0x4 
 .text.fsdev_chdir
                0x00000000000023f0      0x140 /opt/devkitpro/libnx/lib/libnx.a(fs_dev.o)
 .text.fsdev_mkdir
                0x0000000000002530       0xa4 /opt/devkitpro/libnx/lib/libnx.a(fs_dev.o)
 *fill*         0x00000000000025d4        0xc 
 .text.fsdev_unlink
                0x00000000000025e0       0xa4 /opt/devkitpro/libnx/lib/libnx.a(fs_dev.o)
 *fill*         0x0000000000002684        0xc 
 .text.fsdev_rmdir
                0x0000000000002690       0xa4 /opt/devkitpro/libnx/lib/libnx.a(fs_dev.o)
 *fill*         0x0000000000002734        0xc 
 .text.fsdev_write_safe
                0x0000000000002740      0x144 /opt/devkitpro/libnx/lib/libnx.a(fs_dev.o)
 *fill*         0x0000000000002884        0xc 
 .text.fsdev_read_safe
                0x0000000000002890      0x13c /opt/devkitpro/libnx/lib/libnx.a(fs_dev.o)
 *fill*         0x00000000000029cc        0x4 
 .text.fsdev_read
                0x00000000000029d0      0x100 /opt/devkitpro/libnx/lib/libnx.a(fs_dev.o)
 .text.fsdev_dirnext
                0x0000000000002ad0      0x1b8 /opt/devkitpro/libnx/lib/libnx.a(fs_dev.o)
 *fill*         0x0000000000002c88        0x8 
 .text.fsdev_write
                0x0000000000002c90      0x124 /opt/devkitpro/libnx/lib/libnx.a(fs_dev.o)
 *fill*         0x0000000000002db4        0xc 
 .text.fsdev_seek
                0x0000000000002dc0       0xec /opt/devkitpro/libnx/lib/libnx.a(fs_dev.o)
 *fill*         0x0000000000002eac        0x4 
 .text.fsdev_open
                0x0000000000002eb0      0x244 /opt/devkitpro/libnx/lib/libnx.a(fs_dev.o)
 *fill*         0x00000000000030f4        0xc 
 .text.fsdevMountDevice
                0x0000000000003100      0x224 /opt/devkitpro/libnx/lib/libnx.a(fs_dev.o)
                0x0000000000003100                fsdevMountDevice
 *fill*         0x0000000000003324        0xc 
 .text.fsdevMountSdmc
                0x0000000000003330       0x40 /opt/devkitpro/libnx/lib/libnx.a(fs_dev.o)
                0x0000000000003330                fsdevMountSdmc
 .text.__libnx_init_cwd
                0x0000000000003370       0xc0 /opt/devkitpro/libnx/lib/libnx.a(fs_dev.o)
                0x0000000000003370                __libnx_init_cwd
 .text.fsdevUnmountAll
                0x0000000000003430       0x64 /opt/devkitpro/libnx/lib/libnx.a(fs_dev.o)
                0x0000000000003430                fsdevUnmountAll
 *fill*         0x0000000000003494        0xc 
 .text.decode_utf8
                0x00000000000034a0      0x12c /opt/devkitpro/libnx/lib/libnx.a(decode_utf8.o)
                0x00000000000034a0                decode_utf8
 .text.__libnx_exception_entry
                0x00000000000035cc      0x1c0 /opt/devkitpro/libnx/lib/libnx.a(exception.o)
                0x00000000000035cc                __libnx_exception_entry
 .text.__libnx_exception_returnentry
                0x000000000000378c       0x18 /opt/devkitpro/libnx/lib/libnx.a(exception.o)
                0x000000000000378c                __libnx_exception_returnentry
 .text.__aarch64_read_tp
                0x00000000000037a4        0xc /opt/devkitpro/libnx/lib/libnx.a(readtp.o)
                0x00000000000037a4                __aarch64_read_tp
 .text.condvarWaitTimeout
                0x00000000000037b0       0x64 /opt/devkitpro/libnx/lib/libnx.a(condvar.o)
                0x00000000000037b0                condvarWaitTimeout
 *fill*         0x0000000000003814        0xc 
 .text.__libnx_init_thread
                0x0000000000003820       0xb0 /opt/devkitpro/libnx/lib/libnx.a(thread.o)
                0x0000000000003820                __libnx_init_thread
 .text._memregionInitWithInfo
                0x00000000000038d0       0x64 /opt/devkitpro/libnx/lib/libnx.a(virtmem.o)
 *fill*         0x0000000000003934        0xc 
 .text.__libnx_virtmem_rng
                0x0000000000003940        0x4 /opt/devkitpro/libnx/lib/libnx.a(virtmem.o)
                0x0000000000003940                __libnx_virtmem_rng
 *fill*         0x0000000000003944        0xc 
 .text._memregionFindRandom
                0x0000000000003950      0x16c /opt/devkitpro/libnx/lib/libnx.a(virtmem.o)
 *fill*         0x0000000000003abc        0x4 
 .text.virtmemSetup
                0x0000000000003ac0      0x120 /opt/devkitpro/libnx/lib/libnx.a(virtmem.o)
                0x0000000000003ac0                virtmemSetup
 .text.virtmemLock
                0x0000000000003be0        0xc /opt/devkitpro/libnx/lib/libnx.a(virtmem.o)
                0x0000000000003be0                virtmemLock
 *fill*         0x0000000000003bec        0x4 
 .text.virtmemUnlock
                0x0000000000003bf0        0xc /opt/devkitpro/libnx/lib/libnx.a(virtmem.o)
                0x0000000000003bf0                virtmemUnlock
 *fill*         0x0000000000003bfc        0x4 
 .text.virtmemFindAslr
                0x0000000000003c00       0x50 /opt/devkitpro/libnx/lib/libnx.a(virtmem.o)
                0x0000000000003c00                virtmemFindAslr
 .text.waitObjects
                0x0000000000003c50      0x524 /opt/devkitpro/libnx/lib/libnx.a(wait.o)
                0x0000000000003c50                waitObjects
 *fill*         0x0000000000004174        0xc 
 .text._appletInfiniteSleepLoop
                0x0000000000004180       0x24 /opt/devkitpro/libnx/lib/libnx.a(applet.o)
 *fill*         0x00000000000041a4        0xc 
 .text._appletCmdGetSession
                0x00000000000041b0      0x108 /opt/devkitpro/libnx/lib/libnx.a(applet.o)
 *fill*         0x00000000000042b8        0x8 
 .text._appletCmdInU8NoOut
                0x00000000000042c0       0xcc /opt/devkitpro/libnx/lib/libnx.a(applet.o)
 *fill*         0x000000000000438c        0x4 
 .text._appletGetLaunchReason
                0x0000000000004390      0x104 /opt/devkitpro/libnx/lib/libnx.a(applet.o)
 *fill*         0x0000000000004494        0xc 
 .text._appletSetFocusHandlingMode
                0x00000000000044a0       0xe4 /opt/devkitpro/libnx/lib/libnx.a(applet.o)
 *fill*         0x0000000000004584        0xc 
 .text._appletCmdInU32NoOut
                0x0000000000004590       0xcc /opt/devkitpro/libnx/lib/libnx.a(applet.o)
 *fill*         0x000000000000465c        0x4 
 .text._appletGetSessionProxy.constprop.0
                0x0000000000004660      0x138 /opt/devkitpro/libnx/lib/libnx.a(applet.o)
 *fill*         0x0000000000004798        0x8 
 .text._appletOpenLibraryAppletProxy.constprop.0
                0x00000000000047a0      0x154 /opt/devkitpro/libnx/lib/libnx.a(applet.o)
 *fill*         0x00000000000048f4        0xc 
 .text._appletCmdGetHandle.constprop.0.isra.0
                0x0000000000004900       0xd0 /opt/devkitpro/libnx/lib/libnx.a(applet.o)
 .text._appletCmdNoInOutU8.isra.0
                0x00000000000049d0       0xd4 /opt/devkitpro/libnx/lib/libnx.a(applet.o)
 *fill*         0x0000000000004aa4        0xc 
 .text._appletCmdNoInOutU32.isra.0
                0x0000000000004ab0       0xd4 /opt/devkitpro/libnx/lib/libnx.a(applet.o)
 *fill*         0x0000000000004b84        0xc 
 .text._appletCmdNoInOutU64.isra.0
                0x0000000000004b90       0xd4 /opt/devkitpro/libnx/lib/libnx.a(applet.o)
 *fill*         0x0000000000004c64        0xc 
 .text._appletCmdNoIO.isra.0
                0x0000000000004c70       0xc0 /opt/devkitpro/libnx/lib/libnx.a(applet.o)
 .text.appletSetFocusHandlingMode
                0x0000000000004d30      0x114 /opt/devkitpro/libnx/lib/libnx.a(applet.o)
                0x0000000000004d30                appletSetFocusHandlingMode
 *fill*         0x0000000000004e44        0xc 
 .text.appletSetCpuBoostMode
                0x0000000000004e50       0x5c /opt/devkitpro/libnx/lib/libnx.a(applet.o)
                0x0000000000004e50                appletSetCpuBoostMode
 *fill*         0x0000000000004eac        0x4 
 .text.appletGetAppletResourceUserId
                0x0000000000004eb0        0xc /opt/devkitpro/libnx/lib/libnx.a(applet.o)
                0x0000000000004eb0                appletGetAppletResourceUserId
 *fill*         0x0000000000004ebc        0x4 
 .text._appletGetIndirectLayerConsumerHandle
                0x0000000000004ec0       0xf4 /opt/devkitpro/libnx/lib/libnx.a(applet.o)
 *fill*         0x0000000000004fb4        0xc 
 .text._appletHolderCreateState
                0x0000000000004fc0       0x88 /opt/devkitpro/libnx/lib/libnx.a(applet.o)
 *fill*         0x0000000000005048        0x8 
 .text.appletHolderClose
                0x0000000000005050       0xac /opt/devkitpro/libnx/lib/libnx.a(applet.o)
                0x0000000000005050                appletHolderClose
 *fill*         0x00000000000050fc        0x4 
 .text.appletHolderGetLibraryAppletInfo
                0x0000000000005100       0x24 /opt/devkitpro/libnx/lib/libnx.a(applet.o)
                0x0000000000005100                appletHolderGetLibraryAppletInfo
 *fill*         0x0000000000005124        0xc 
 .text.appletNotifyRunning
                0x0000000000005130       0x90 /opt/devkitpro/libnx/lib/libnx.a(applet.o)
                0x0000000000005130                appletNotifyRunning
 .text.appletSetGamePlayRecordingState
                0x00000000000051c0       0x8c /opt/devkitpro/libnx/lib/libnx.a(applet.o)
                0x00000000000051c0                appletSetGamePlayRecordingState
 *fill*         0x000000000000524c        0x4 
 .text._appletCleanup
                0x0000000000005250      0xad4 /opt/devkitpro/libnx/lib/libnx.a(applet.o)
 *fill*         0x0000000000005d24        0xc 
 .text.appletExit
                0x0000000000005d30       0x44 /opt/devkitpro/libnx/lib/libnx.a(applet.o)
                0x0000000000005d30                appletExit
 *fill*         0x0000000000005d74        0xc 
 .text.appletGetLibraryAppletInfo
                0x0000000000005d80       0x40 /opt/devkitpro/libnx/lib/libnx.a(applet.o)
                0x0000000000005d80                appletGetLibraryAppletInfo
 .text.appletInitialize
                0x0000000000005dc0      0xa94 /opt/devkitpro/libnx/lib/libnx.a(applet.o)
                0x0000000000005dc0                appletInitialize
 *fill*         0x0000000000006854        0xc 
 .text._appletExitProcess
                0x0000000000006860       0x24 /opt/devkitpro/libnx/lib/libnx.a(applet.o)
 *fill*         0x0000000000006884        0xc 
 .text._fsCleanup
                0x0000000000006890       0xb4 /opt/devkitpro/libnx/lib/libnx.a(fs.o)
 *fill*         0x0000000000006944        0xc 
 .text._fsCmdNoIO
                0x0000000000006950      0x1a8 /opt/devkitpro/libnx/lib/libnx.a(fs.o)
 *fill*         0x0000000000006af8        0x8 
 .text._fsFsCmdWithInPath
                0x0000000000006b00      0x1d8 /opt/devkitpro/libnx/lib/libnx.a(fs.o)
 *fill*         0x0000000000006cd8        0x8 
 .text._fsFsCmdWithTwoInPaths
                0x0000000000006ce0      0x1f4 /opt/devkitpro/libnx/lib/libnx.a(fs.o)
 *fill*         0x0000000000006ed4        0xc 
 .text._fsFsOpenCommon
                0x0000000000006ee0      0x25c /opt/devkitpro/libnx/lib/libnx.a(fs.o)
 *fill*         0x000000000000713c        0x4 
 .text._fsFsCmdWithInPathAndOutU64
                0x0000000000007140      0x1ec /opt/devkitpro/libnx/lib/libnx.a(fs.o)
 *fill*         0x000000000000732c        0x4 
 .text._fsObjectClose
                0x0000000000007330       0xf4 /opt/devkitpro/libnx/lib/libnx.a(fs.o)
 *fill*         0x0000000000007424        0xc 
 .text._fsCmdGetSession.constprop.0
                0x0000000000007430      0x1f4 /opt/devkitpro/libnx/lib/libnx.a(fs.o)
 *fill*         0x0000000000007624        0xc 
 .text.fsInitialize
                0x0000000000007630      0x2f8 /opt/devkitpro/libnx/lib/libnx.a(fs.o)
                0x0000000000007630                fsInitialize
 *fill*         0x0000000000007928        0x8 
 .text.fsExit   0x0000000000007930       0x44 /opt/devkitpro/libnx/lib/libnx.a(fs.o)
                0x0000000000007930                fsExit
 *fill*         0x0000000000007974        0xc 
 .text.fsOpenSdCardFileSystem
                0x0000000000007980        0x8 /opt/devkitpro/libnx/lib/libnx.a(fs.o)
                0x0000000000007980                fsOpenSdCardFileSystem
 *fill*         0x0000000000007988        0x8 
 .text.fsFsCreateFile
                0x0000000000007990      0x1f0 /opt/devkitpro/libnx/lib/libnx.a(fs.o)
                0x0000000000007990                fsFsCreateFile
 .text.fsFsDeleteFile
                0x0000000000007b80        0x8 /opt/devkitpro/libnx/lib/libnx.a(fs.o)
                0x0000000000007b80                fsFsDeleteFile
 *fill*         0x0000000000007b88        0x8 
 .text.fsFsCreateDirectory
                0x0000000000007b90        0x8 /opt/devkitpro/libnx/lib/libnx.a(fs.o)
                0x0000000000007b90                fsFsCreateDirectory
 *fill*         0x0000000000007b98        0x8 
 .text.fsFsDeleteDirectory
                0x0000000000007ba0        0x8 /opt/devkitpro/libnx/lib/libnx.a(fs.o)
                0x0000000000007ba0                fsFsDeleteDirectory
 *fill*         0x0000000000007ba8        0x8 
 .text.fsFsRenameFile
                0x0000000000007bb0        0x8 /opt/devkitpro/libnx/lib/libnx.a(fs.o)
                0x0000000000007bb0                fsFsRenameFile
 *fill*         0x0000000000007bb8        0x8 
 .text.fsFsRenameDirectory
                0x0000000000007bc0        0x8 /opt/devkitpro/libnx/lib/libnx.a(fs.o)
                0x0000000000007bc0                fsFsRenameDirectory
 *fill*         0x0000000000007bc8        0x8 
 .text.fsFsGetEntryType
                0x0000000000007bd0      0x1f0 /opt/devkitpro/libnx/lib/libnx.a(fs.o)
                0x0000000000007bd0                fsFsGetEntryType
 .text.fsFsOpenFile
                0x0000000000007dc0        0x8 /opt/devkitpro/libnx/lib/libnx.a(fs.o)
                0x0000000000007dc0                fsFsOpenFile
 *fill*         0x0000000000007dc8        0x8 
 .text.fsFsOpenDirectory
                0x0000000000007dd0        0x8 /opt/devkitpro/libnx/lib/libnx.a(fs.o)
                0x0000000000007dd0                fsFsOpenDirectory
 *fill*         0x0000000000007dd8        0x8 
 .text.fsFsGetFreeSpace
                0x0000000000007de0        0x8 /opt/devkitpro/libnx/lib/libnx.a(fs.o)
                0x0000000000007de0                fsFsGetFreeSpace
 *fill*         0x0000000000007de8        0x8 
 .text.fsFsGetTotalSpace
                0x0000000000007df0        0x8 /opt/devkitpro/libnx/lib/libnx.a(fs.o)
                0x0000000000007df0                fsFsGetTotalSpace
 *fill*         0x0000000000007df8        0x8 
 .text.fsFsGetFileTimeStampRaw
                0x0000000000007e00      0x230 /opt/devkitpro/libnx/lib/libnx.a(fs.o)
                0x0000000000007e00                fsFsGetFileTimeStampRaw
 .text.fsFsClose
                0x0000000000008030        0x4 /opt/devkitpro/libnx/lib/libnx.a(fs.o)
                0x0000000000008030                fsFsClose
 *fill*         0x0000000000008034        0xc 
 .text.fsFileRead
                0x0000000000008040      0x218 /opt/devkitpro/libnx/lib/libnx.a(fs.o)
                0x0000000000008040                fsFileRead
 *fill*         0x0000000000008258        0x8 
 .text.fsFileWrite
                0x0000000000008260      0x200 /opt/devkitpro/libnx/lib/libnx.a(fs.o)
                0x0000000000008260                fsFileWrite
 .text.fsFileFlush
                0x0000000000008460        0x8 /opt/devkitpro/libnx/lib/libnx.a(fs.o)
                0x0000000000008460                fsFileFlush
 *fill*         0x0000000000008468        0x8 
 .text.fsFileSetSize
                0x0000000000008470      0x1b8 /opt/devkitpro/libnx/lib/libnx.a(fs.o)
                0x0000000000008470                fsFileSetSize
 *fill*         0x0000000000008628        0x8 
 .text.fsFileGetSize
                0x0000000000008630      0x1c4 /opt/devkitpro/libnx/lib/libnx.a(fs.o)
                0x0000000000008630                fsFileGetSize
 *fill*         0x00000000000087f4        0xc 
 .text.fsFileClose
                0x0000000000008800        0x4 /opt/devkitpro/libnx/lib/libnx.a(fs.o)
                0x0000000000008800                fsFileClose
 *fill*         0x0000000000008804        0xc 
 .text.fsDirClose
                0x0000000000008810        0x4 /opt/devkitpro/libnx/lib/libnx.a(fs.o)
                0x0000000000008810                fsDirClose
 *fill*         0x0000000000008814        0xc 
 .text.fsDirRead
                0x0000000000008820      0x1fc /opt/devkitpro/libnx/lib/libnx.a(fs.o)
                0x0000000000008820                fsDirRead
 *fill*         0x0000000000008a1c        0x4 
 .text._hidCleanup
                0x0000000000008a20      0x108 /opt/devkitpro/libnx/lib/libnx.a(hid.o)
 *fill*         0x0000000000008b28        0x8 
 .text._hidCreateAppletResource.constprop.0
                0x0000000000008b30      0x114 /opt/devkitpro/libnx/lib/libnx.a(hid.o)
 *fill*         0x0000000000008c44        0xc 
 .text._hidCmdGetHandle.constprop.0
                0x0000000000008c50       0xc8 /opt/devkitpro/libnx/lib/libnx.a(hid.o)
 *fill*         0x0000000000008d18        0x8 
 .text.hidInitialize
                0x0000000000008d20       0xdc /opt/devkitpro/libnx/lib/libnx.a(hid.o)
                0x0000000000008d20                hidInitialize
 *fill*         0x0000000000008dfc        0x4 
 .text.hidExit  0x0000000000008e00       0x44 /opt/devkitpro/libnx/lib/libnx.a(hid.o)
                0x0000000000008e00                hidExit
 *fill*         0x0000000000008e44        0xc 
 .text._setsysGetFirmwareVersionImpl
                0x0000000000008e50       0xd4 /opt/devkitpro/libnx/lib/libnx.a(set.o)
 *fill*         0x0000000000008f24        0xc 
 .text._setsysCleanup
                0x0000000000008f30       0x68 /opt/devkitpro/libnx/lib/libnx.a(set.o)
 *fill*         0x0000000000008f98        0x8 
 .text.setsysInitialize
                0x0000000000008fa0       0xa0 /opt/devkitpro/libnx/lib/libnx.a(set.o)
                0x0000000000008fa0                setsysInitialize
 .text.setsysExit
                0x0000000000009040       0x44 /opt/devkitpro/libnx/lib/libnx.a(set.o)
                0x0000000000009040                setsysExit
 *fill*         0x0000000000009084        0xc 
 .text.setsysGetFirmwareVersion
                0x0000000000009090       0x44 /opt/devkitpro/libnx/lib/libnx.a(set.o)
                0x0000000000009090                setsysGetFirmwareVersion
 *fill*         0x00000000000090d4        0xc 
 .text._timeCleanup
                0x00000000000090e0      0x228 /opt/devkitpro/libnx/lib/libnx.a(time.o)
 *fill*         0x0000000000009308        0x8 
 .text._timeCmdGetSession.constprop.0
                0x0000000000009310      0x100 /opt/devkitpro/libnx/lib/libnx.a(time.o)
 .text._timeGetSharedMemoryNativeHandle.constprop.0
                0x0000000000009410       0xcc /opt/devkitpro/libnx/lib/libnx.a(time.o)
 *fill*         0x00000000000094dc        0x4 
 .text._timeCmdNoInOutU64.constprop.0.isra.0
                0x00000000000094e0       0xc4 /opt/devkitpro/libnx/lib/libnx.a(time.o)
 *fill*         0x00000000000095a4        0xc 
 .text._timeReadClockFromSharedMem
                0x00000000000095b0      0x110 /opt/devkitpro/libnx/lib/libnx.a(time.o)
 .text.timeInitialize
                0x00000000000096c0      0x238 /opt/devkitpro/libnx/lib/libnx.a(time.o)
                0x00000000000096c0                timeInitialize
 *fill*         0x00000000000098f8        0x8 
 .text.timeExit
                0x0000000000009900       0x44 /opt/devkitpro/libnx/lib/libnx.a(time.o)
                0x0000000000009900                timeExit
 *fill*         0x0000000000009944        0xc 
 .text.timeGetServiceSession_SystemClock
                0x0000000000009950       0x38 /opt/devkitpro/libnx/lib/libnx.a(time.o)
                0x0000000000009950                timeGetServiceSession_SystemClock
 *fill*         0x0000000000009988        0x8 
 .text.timeGetCurrentTime
                0x0000000000009990       0x68 /opt/devkitpro/libnx/lib/libnx.a(time.o)
                0x0000000000009990                timeGetCurrentTime
 *fill*         0x00000000000099f8        0x8 
 .text.timeToCalendarTimeWithMyRule
                0x0000000000009a00      0x110 /opt/devkitpro/libnx/lib/libnx.a(time.o)
                0x0000000000009a00                timeToCalendarTimeWithMyRule
 .text.timeToPosixTimeWithMyRule
                0x0000000000009b10      0x104 /opt/devkitpro/libnx/lib/libnx.a(time.o)
                0x0000000000009b10                timeToPosixTimeWithMyRule
 *fill*         0x0000000000009c14        0xc 
 .text.__libnx_alloc
                0x0000000000009c20        0x4 /opt/devkitpro/libnx/lib/libnx.a(alloc.o)
                0x0000000000009c20                __libnx_alloc
 *fill*         0x0000000000009c24        0xc 
 .text.__libnx_free
                0x0000000000009c30        0x4 /opt/devkitpro/libnx/lib/libnx.a(alloc.o)
                0x0000000000009c30                __libnx_free
 *fill*         0x0000000000009c34        0xc 
 .text.eventLoadRemote
                0x0000000000009c40        0xc /opt/devkitpro/libnx/lib/libnx.a(event.o)
                0x0000000000009c40                eventLoadRemote
 *fill*         0x0000000000009c4c        0x4 
 .text.eventWait
                0x0000000000009c50       0x38 /opt/devkitpro/libnx/lib/libnx.a(event.o)
                0x0000000000009c50                eventWait
 *fill*         0x0000000000009c88        0x8 
 .text.eventClose
                0x0000000000009c90       0x50 /opt/devkitpro/libnx/lib/libnx.a(event.o)
                0x0000000000009c90                eventClose
 .text.randomGet
                0x0000000000009ce0      0x3d4 /opt/devkitpro/libnx/lib/libnx.a(random.o)
                0x0000000000009ce0                randomGet
 *fill*         0x000000000000a0b4        0xc 
 .text.randomGet64
                0x000000000000a0c0       0x20 /opt/devkitpro/libnx/lib/libnx.a(random.o)
                0x000000000000a0c0                randomGet64
 .text.shmemLoadRemote
                0x000000000000a0e0       0x14 /opt/devkitpro/libnx/lib/libnx.a(shmem.o)
                0x000000000000a0e0                shmemLoadRemote
 *fill*         0x000000000000a0f4        0xc 
 .text.shmemMap
                0x000000000000a100       0x88 /opt/devkitpro/libnx/lib/libnx.a(shmem.o)
                0x000000000000a100                shmemMap
 *fill*         0x000000000000a188        0x8 
 .text.shmemUnmap
                0x000000000000a190       0x34 /opt/devkitpro/libnx/lib/libnx.a(shmem.o)
                0x000000000000a190                shmemUnmap
 *fill*         0x000000000000a1c4        0xc 
 .text.shmemClose
                0x000000000000a1d0       0x44 /opt/devkitpro/libnx/lib/libnx.a(shmem.o)
                0x000000000000a1d0                shmemClose
 *fill*         0x000000000000a214        0xc 
 .text.tmemUnmap
                0x000000000000a220       0x34 /opt/devkitpro/libnx/lib/libnx.a(tmem.o)
                0x000000000000a220                tmemUnmap
 *fill*         0x000000000000a254        0xc 
 .text.tmemCloseHandle
                0x000000000000a260       0x38 /opt/devkitpro/libnx/lib/libnx.a(tmem.o)
                0x000000000000a260                tmemCloseHandle
 *fill*         0x000000000000a298        0x8 
 .text.tmemClose
                0x000000000000a2a0       0x54 /opt/devkitpro/libnx/lib/libnx.a(tmem.o)
                0x000000000000a2a0                tmemClose
 *fill*         0x000000000000a2f4        0xc 
 .text.sessionmgrCreate
                0x000000000000a300      0x178 /opt/devkitpro/libnx/lib/libnx.a(sessionmgr.o)
                0x000000000000a300                sessionmgrCreate
 *fill*         0x000000000000a478        0x8 
 .text.sessionmgrClose
                0x000000000000a480       0x84 /opt/devkitpro/libnx/lib/libnx.a(sessionmgr.o)
                0x000000000000a480                sessionmgrClose
 *fill*         0x000000000000a504        0xc 
 .text.sessionmgrAttachClient
                0x000000000000a510       0xb4 /opt/devkitpro/libnx/lib/libnx.a(sessionmgr.o)
                0x000000000000a510                sessionmgrAttachClient
 *fill*         0x000000000000a5c4        0xc 
 .text.sessionmgrDetachClient
                0x000000000000a5d0       0x70 /opt/devkitpro/libnx/lib/libnx.a(sessionmgr.o)
                0x000000000000a5d0                sessionmgrDetachClient
 .text._apmCleanup
                0x000000000000a640       0xc0 /opt/devkitpro/libnx/lib/libnx.a(apm.o)
 .text._apmCmdGetSession.constprop.0
                0x000000000000a700       0xfc /opt/devkitpro/libnx/lib/libnx.a(apm.o)
 *fill*         0x000000000000a7fc        0x4 
 .text.apmInitialize
                0x000000000000a800       0xa0 /opt/devkitpro/libnx/lib/libnx.a(apm.o)
                0x000000000000a800                apmInitialize
 .text.apmExit  0x000000000000a8a0       0x44 /opt/devkitpro/libnx/lib/libnx.a(apm.o)
                0x000000000000a8a0                apmExit
 *fill*         0x000000000000a8e4        0xc 
 .text.apmSetPerformanceConfiguration
                0x000000000000a8f0       0xc8 /opt/devkitpro/libnx/lib/libnx.a(apm.o)
                0x000000000000a8f0                apmSetPerformanceConfiguration
 *fill*         0x000000000000a9b8        0x8 
 .text.setenv   0x000000000000a9c0       0x3c /opt/devkitpro/devkitA64/bin/../lib/gcc/aarch64-none-elf/13.1.0/../../../../aarch64-none-elf/lib/pic/libg.a(libc_a-setenv.o)
                0x000000000000a9c0                setenv
 *fill*         0x000000000000a9fc        0x4 
 .text.bsearch  0x000000000000aa00       0xb8 /opt/devkitpro/devkitA64/bin/../lib/gcc/aarch64-none-elf/13.1.0/../../../../aarch64-none-elf/lib/pic/libg.a(libc_a-bsearch.o)
                0x000000000000aa00                bsearch
 *fill*         0x000000000000aab8        0x8 
 .text._setenv_r
                0x000000000000aac0      0x254 /opt/devkitpro/devkitA64/bin/../lib/gcc/aarch64-none-elf/13.1.0/../../../../aarch64-none-elf/lib/pic/libg.a(libc_a-setenv_r.o)
                0x000000000000aac0                _setenv_r
 *fill*         0x000000000000ad14        0xc 
 .text.__env_lock
                0x000000000000ad20        0xc /opt/devkitpro/devkitA64/bin/../lib/gcc/aarch64-none-elf/13.1.0/../../../../aarch64-none-elf/lib/pic/libg.a(libc_a-envlock.o)
                0x000000000000ad20                __env_lock
 *fill*         0x000000000000ad2c        0x4 
 .text.__env_unlock
                0x000000000000ad30        0xc /opt/devkitpro/devkitA64/bin/../lib/gcc/aarch64-none-elf/13.1.0/../../../../aarch64-none-elf/lib/pic/libg.a(libc_a-envlock.o)
                0x000000000000ad30                __env_unlock
 *fill*         0x000000000000ad3c        0x4 
 .text.__call_exitprocs
                0x000000000000ad40        0x4 /opt/devkitpro/devkitA64/bin/../lib/gcc/aarch64-none-elf/13.1.0/../../../../aarch64-none-elf/lib/pic/libg.a(libc_a-exit.o)
                0x000000000000ad40                __call_exitprocs
 *fill*         0x000000000000ad44        0xc 
 .text.malloc   0x000000000000ad50       0x24 /opt/devkitpro/devkitA64/bin/../lib/gcc/aarch64-none-elf/13.1.0/../../../../aarch64-none-elf/lib/pic/libg.a(libc_a-malloc.o)
                0x000000000000ad50                malloc
 *fill*         0x000000000000ad74        0xc 
 .text.free     0x000000000000ad80       0x24 /opt/devkitpro/devkitA64/bin/../lib/gcc/aarch64-none-elf/13.1.0/../../../../aarch64-none-elf/lib/pic/libg.a(libc_a-malloc.o)
                0x000000000000ad80                free
 *fill*         0x000000000000ada4        0xc 
 .text._malloc_r
                0x000000000000adb0      0x80c /opt/devkitpro/devkitA64/bin/../lib/gcc/aarch64-none-elf/13.1.0/../../../../aarch64-none-elf/lib/pic/libg.a(libc_a-mallocr.o)
                0x000000000000adb0                _malloc_r
 *fill*         0x000000000000b5bc        0x4 
 .text._findenv_r
                0x000000000000b5c0       0xfc /opt/devkitpro/devkitA64/bin/../lib/gcc/aarch64-none-elf/13.1.0/../../../../aarch64-none-elf/lib/pic/libg.a(libc_a-getenv_r.o)
                0x000000000000b5c0                _findenv_r
 *fill*         0x000000000000b6bc        0x4 
 .text.__malloc_lock
                0x000000000000b6c0        0xc /opt/devkitpro/devkitA64/bin/../lib/gcc/aarch64-none-elf/13.1.0/../../../../aarch64-none-elf/lib/pic/libg.a(libc_a-mlock.o)
                0x000000000000b6c0                __malloc_lock
 *fill*         0x000000000000b6cc        0x4 
 .text.__malloc_unlock
                0x000000000000b6d0        0xc /opt/devkitpro/devkitA64/bin/../lib/gcc/aarch64-none-elf/13.1.0/../../../../aarch64-none-elf/lib/pic/libg.a(libc_a-mlock.o)
                0x000000000000b6d0                __malloc_unlock
 *fill*         0x000000000000b6dc        0x4 
 .text.gmtime   0x000000000000b6e0       0x2c /opt/devkitpro/devkitA64/bin/../lib/gcc/aarch64-none-elf/13.1.0/../../../../aarch64-none-elf/lib/pic/libg.a(libc_a-gmtime.o)
                0x000000000000b6e0                gmtime
 *fill*         0x000000000000b70c        0x4 
 .text.strncat  0x000000000000b710       0x78 /opt/devkitpro/devkitA64/bin/../lib/gcc/aarch64-none-elf/13.1.0/../../../../aarch64-none-elf/lib/pic/libg.a(libc_a-strncat.o)
                0x000000000000b710                strncat
 *fill*         0x000000000000b788        0x8 
 .text.gmtime_r
                0x000000000000b790      0x2a0 /opt/devkitpro/devkitA64/bin/../lib/gcc/aarch64-none-elf/13.1.0/../../../../aarch64-none-elf/lib/pic/libg.a(libc_a-gmtime_r.o)
                0x000000000000b790                gmtime_r
 .text._realloc_r
                0x000000000000ba30      0x524 /opt/devkitpro/devkitA64/bin/../lib/gcc/aarch64-none-elf/13.1.0/../../../../aarch64-none-elf/lib/pic/libg.a(libc_a-reallocr.o)
                0x000000000000ba30                _realloc_r
 *fill*         0x000000000000bf54        0xc 
 .text.strncpy  0x000000000000bf60       0x90 /opt/devkitpro/devkitA64/bin/../lib/gcc/aarch64-none-elf/13.1.0/../../../../aarch64-none-elf/lib/pic/libg.a(libc_a-strncpy.o)
                0x000000000000bf60                strncpy
 .text._strtoul_l.isra.0
                0x000000000000bff0      0x1a8 /opt/devkitpro/devkitA64/bin/../lib/gcc/aarch64-none-elf/13.1.0/../../../../aarch64-none-elf/lib/pic/libg.a(libc_a-strtoul.o)
 *fill*         0x000000000000c198        0x8 
 .text.strtoul  0x000000000000c1a0       0x48 /opt/devkitpro/devkitA64/bin/../lib/gcc/aarch64-none-elf/13.1.0/../../../../aarch64-none-elf/lib/pic/libg.a(libc_a-strtoul.o)
                0x000000000000c1a0                strtoul
 *fill*         0x000000000000c1e8       0x18 
 .text          0x000000000000c200      0x1dc /opt/devkitpro/devkitA64/bin/../lib/gcc/aarch64-none-elf/13.1.0/../../../../aarch64-none-elf/lib/pic/libg.a(libc_a-memset.o)
                0x000000000000c200                memset
 *fill*         0x000000000000c3dc       0x24 
 .text          0x000000000000c400      0x16c /opt/devkitpro/devkitA64/bin/../lib/gcc/aarch64-none-elf/13.1.0/../../../../aarch64-none-elf/lib/pic/libg.a(libc_a-memcpy.o)
                0x000000000000c400                memcpy
 *fill*         0x000000000000c56c       0x14 
 .text          0x000000000000c580       0xe4 /opt/devkitpro/devkitA64/bin/../lib/gcc/aarch64-none-elf/13.1.0/../../../../aarch64-none-elf/lib/pic/libg.a(libc_a-strcmp.o)
                0x000000000000c580                strcmp
 *fill*         0x000000000000c664       0x1c 
 .text          0x000000000000c680       0xac /opt/devkitpro/devkitA64/bin/../lib/gcc/aarch64-none-elf/13.1.0/../../../../aarch64-none-elf/lib/pic/libg.a(libc_a-memmove.o)
                0x000000000000c680                memmove
 *fill*         0x000000000000c72c       0x14 
 .text          0x000000000000c740       0xe0 /opt/devkitpro/devkitA64/bin/../lib/gcc/aarch64-none-elf/13.1.0/../../../../aarch64-none-elf/lib/pic/libg.a(libc_a-strnlen.o)
                0x000000000000c764                strnlen
 .text          0x000000000000c820       0xdc /opt/devkitpro/devkitA64/bin/../lib/gcc/aarch64-none-elf/13.1.0/../../../../aarch64-none-elf/lib/pic/libg.a(libc_a-strchr.o)
                0x000000000000c820                strchr
 *fill*         0x000000000000c8fc        0x4 
 .text          0x000000000000c900      0x140 /opt/devkitpro/devkitA64/bin/../lib/gcc/aarch64-none-elf/13.1.0/../../../../aarch64-none-elf/lib/pic/libg.a(libc_a-strlen.o)
                0x000000000000c900                strlen
 .text          0x000000000000ca40      0x1d4 /opt/devkitpro/devkitA64/bin/../lib/gcc/aarch64-none-elf/13.1.0/../../../../aarch64-none-elf/lib/pic/libg.a(libc_a-strncmp.o)
                0x000000000000ca5c                strncmp
 *fill*         0x000000000000cc14        0xc 
 .text.__libc_init_array
                0x000000000000cc20       0x94 /opt/devkitpro/devkitA64/bin/../lib/gcc/aarch64-none-elf/13.1.0/../../../../aarch64-none-elf/lib/pic/libg.a(libc_a-init.o)
                0x000000000000cc20                __libc_init_array
 *fill*         0x000000000000ccb4        0xc 
 .text.__libc_fini_array
                0x000000000000ccc0       0x44 /opt/devkitpro/devkitA64/bin/../lib/gcc/aarch64-none-elf/13.1.0/../../../../aarch64-none-elf/lib/pic/libg.a(libc_a-fini.o)
                0x000000000000ccc0                __libc_fini_array
 *fill*         0x000000000000cd04        0xc 
 .text.__errno  0x000000000000cd10       0x14 /opt/devkitpro/devkitA64/bin/../lib/gcc/aarch64-none-elf/13.1.0/../../../../aarch64-none-elf/lib/pic/libg.a(libc_a-errno.o)
                0x000000000000cd10                __errno
 *fill*         0x000000000000cd24        0xc 
 .text._malloc_trim_r
                0x000000000000cd30      0x124 /opt/devkitpro/devkitA64/bin/../lib/gcc/aarch64-none-elf/13.1.0/../../../../aarch64-none-elf/lib/pic/libg.a(libc_a-freer.o)
                0x000000000000cd30                _malloc_trim_r
 *fill*         0x000000000000ce54        0xc 
 .text._free_r  0x000000000000ce60      0x2d8 /opt/devkitpro/devkitA64/bin/../lib/gcc/aarch64-none-elf/13.1.0/../../../../aarch64-none-elf/lib/pic/libg.a(libc_a-freer.o)
                0x000000000000ce60                _free_r
 *fill*         0x000000000000d138        0x8 
 .text._exit    0x000000000000d140       0x20 /opt/devkitpro/devkitA64/bin/../lib/gcc/aarch64-none-elf/13.1.0/../../../../aarch64-none-elf/lib/pic/libsysbase.a(libsysbase_libsysbase_a-_exit.o)
                0x000000000000d140                _exit
 .text.chdir    0x000000000000d160      0x170 /opt/devkitpro/devkitA64/bin/../lib/gcc/aarch64-none-elf/13.1.0/../../../../aarch64-none-elf/lib/pic/libsysbase.a(libsysbase_libsysbase_a-chdir.o)
                0x000000000000d160                chdir
 .text._concatenate_path
                0x000000000000d2d0      0x21c /opt/devkitpro/devkitA64/bin/../lib/gcc/aarch64-none-elf/13.1.0/../../../../aarch64-none-elf/lib/pic/libsysbase.a(libsysbase_libsysbase_a-concatenate.o)
                0x000000000000d2d0                _concatenate_path
 *fill*         0x000000000000d4ec        0x4 
 .text.__getreent
                0x000000000000d4f0       0x20 /opt/devkitpro/devkitA64/bin/../lib/gcc/aarch64-none-elf/13.1.0/../../../../aarch64-none-elf/lib/pic/libsysbase.a(libsysbase_libsysbase_a-getreent.o)
                0x000000000000d4f0                __getreent
 .text.null_write
                0x000000000000d510        0x8 /opt/devkitpro/devkitA64/bin/../lib/gcc/aarch64-none-elf/13.1.0/../../../../aarch64-none-elf/lib/pic/libsysbase.a(libsysbase_libsysbase_a-iosupport.o)
 *fill*         0x000000000000d518        0x8 
 .text.setDefaultDevice
                0x000000000000d520       0x18 /opt/devkitpro/devkitA64/bin/../lib/gcc/aarch64-none-elf/13.1.0/../../../../aarch64-none-elf/lib/pic/libsysbase.a(libsysbase_libsysbase_a-iosupport.o)
                0x000000000000d520                setDefaultDevice
 *fill*         0x000000000000d538        0x8 
 .text.FindDevice
                0x000000000000d540      0x114 /opt/devkitpro/devkitA64/bin/../lib/gcc/aarch64-none-elf/13.1.0/../../../../aarch64-none-elf/lib/pic/libsysbase.a(libsysbase_libsysbase_a-iosupport.o)
                0x000000000000d540                FindDevice
 *fill*         0x000000000000d654        0xc 
 .text.RemoveDevice
                0x000000000000d660       0x34 /opt/devkitpro/devkitA64/bin/../lib/gcc/aarch64-none-elf/13.1.0/../../../../aarch64-none-elf/lib/pic/libsysbase.a(libsysbase_libsysbase_a-iosupport.o)
                0x000000000000d660                RemoveDevice
 *fill*         0x000000000000d694        0xc 
 .text.AddDevice
                0x000000000000d6a0       0xc8 /opt/devkitpro/devkitA64/bin/../lib/gcc/aarch64-none-elf/13.1.0/../../../../aarch64-none-elf/lib/pic/libsysbase.a(libsysbase_libsysbase_a-iosupport.o)
                0x000000000000d6a0                AddDevice
 *fill*         0x000000000000d768        0x8 
 .text.GetDeviceOpTab
                0x000000000000d770       0x34 /opt/devkitpro/devkitA64/bin/../lib/gcc/aarch64-none-elf/13.1.0/../../../../aarch64-none-elf/lib/pic/libsysbase.a(libsysbase_libsysbase_a-iosupport.o)
                0x000000000000d770                GetDeviceOpTab
 *fill*         0x000000000000d7a4        0xc 
 .text._sbrk_r  0x000000000000d7b0       0x78 /opt/devkitpro/devkitA64/bin/../lib/gcc/aarch64-none-elf/13.1.0/../../../../aarch64-none-elf/lib/pic/libsysbase.a(libsysbase_libsysbase_a-sbrk.o)
                0x000000000000d7b0                _sbrk_r
 *fill*         0x000000000000d828        0x8 
 .text.__libc_lock_acquire_recursive
                0x000000000000d830       0x14 /opt/devkitpro/devkitA64/bin/../lib/gcc/aarch64-none-elf/13.1.0/../../../../aarch64-none-elf/lib/pic/libsysbase.a(libsysbase_libsysbase_a-syscall_support.o)
                0x000000000000d830                __libc_lock_acquire_recursive
 *fill*         0x000000000000d844        0xc 
 .text.__libc_lock_release_recursive
                0x000000000000d850       0x14 /opt/devkitpro/devkitA64/bin/../lib/gcc/aarch64-none-elf/13.1.0/../../../../aarch64-none-elf/lib/pic/libsysbase.a(libsysbase_libsysbase_a-syscall_support.o)
                0x000000000000d850                __libc_lock_release_recursive
 .text          0x000000000000d864      0x100 /opt/devkitpro/devkitA64/bin/../lib/gcc/aarch64-none-elf/13.1.0/../../../../aarch64-none-elf/lib/pic/libg.a(libc_a-strrchr.o)
                0x000000000000d864                strrchr
                0x000000000000d968                . = ALIGN (0x8)
 *fill*         0x000000000000d964        0x4 

.init           0x000000000000d968       0x38
 *(.init)
 .init          0x000000000000d968       0x18 /opt/devkitpro/devkitA64/bin/../lib/gcc/aarch64-none-elf/13.1.0/pic/crti.o
                0x000000000000d968                _init
 .init          0x000000000000d980       0x1c /opt/devkitpro/devkitA64/bin/../lib/gcc/aarch64-none-elf/13.1.0/pic/crtn.o
                0x000000000000d9a0                . = ALIGN (0x8)
 *fill*         0x000000000000d99c        0x4 

.plt            0x000000000000d9a0       0x30
 *(.plt)
 .plt           0x000000000000d9a0       0x30 /opt/devkitpro/devkitA64/bin/../lib/gcc/aarch64-none-elf/13.1.0/pic/crti.o
 *(.iplt)
                0x000000000000d9d0                . = ALIGN (0x8)

.fini           0x000000000000d9d0       0x38
 *(.fini)
 .fini          0x000000000000d9d0       0x18 /opt/devkitpro/devkitA64/bin/../lib/gcc/aarch64-none-elf/13.1.0/pic/crti.o
                0x000000000000d9d0                _fini
 .fini          0x000000000000d9e8       0x1c /opt/devkitpro/devkitA64/bin/../lib/gcc/aarch64-none-elf/13.1.0/pic/crtn.o
                0x000000000000da08                . = ALIGN (0x8)
 *fill*         0x000000000000da04        0x4 
                0x000000000000e000                . = ALIGN (0x1000)
                0x000000000000e000                __rodata_start = .

.nx-module-name
                0x000000000000e000       0x18
 *(.nx-module-name)
 .nx-module-name
                0x000000000000e000       0x18 /opt/devkitpro/devkitA64/bin/../lib/gcc/aarch64-none-elf/13.1.0/pic/crti.o

.rodata         0x000000000000e020      0x1a0
 *(.rodata .rodata.* .gnu.linkonce.r.*)
 .rodata.smInitialize.str1.8
                0x000000000000e020        0x4 /opt/devkitpro/libnx/lib/libnx.a(sm.o)
 .rodata.envSetup
                0x000000000000e024       0x11 /opt/devkitpro/libnx/lib/libnx.a(env.o)
 *fill*         0x000000000000e035        0x3 
 .rodata.__libnx_init_time.str1.8
                0x000000000000e038        0x3 /opt/devkitpro/libnx/lib/libnx.a(newlib.o)
 *fill*         0x000000000000e03b        0x5 
 .rodata.nxlinkSetup.str1.8
                0x000000000000e040        0x9 /opt/devkitpro/libnx/lib/libnx.a(nxlink.o)
 *fill*         0x000000000000e049        0x7 
 .rodata.fsdev_fixpath.str1.8
                0x000000000000e050        0x2 /opt/devkitpro/libnx/lib/libnx.a(fs_dev.o)
 *fill*         0x000000000000e052        0x6 
 .rodata._fsdevUnmountDeviceStruct.part.0.str1.8
                0x000000000000e058        0x2 /opt/devkitpro/libnx/lib/libnx.a(fs_dev.o)
 *fill*         0x000000000000e05a        0x6 
 .rodata.fsdevMountDevice.str1.8
                0x000000000000e060        0x8 /opt/devkitpro/libnx/lib/libnx.a(fs_dev.o)
                                         0x10 (size before relaxing)
 .rodata.fsdevMountSdmc.str1.8
                0x000000000000e068        0x8 /opt/devkitpro/libnx/lib/libnx.a(fs_dev.o)
                                          0x5 (size before relaxing)
 .rodata.error_table
                0x000000000000e070       0x20 /opt/devkitpro/libnx/lib/libnx.a(fs_dev.o)
 .rodata.CSWTCH.529
                0x000000000000e090       0x14 /opt/devkitpro/libnx/lib/libnx.a(applet.o)
 *fill*         0x000000000000e0a4        0x4 
 .rodata._ctype_
                0x000000000000e0a8      0x101 /opt/devkitpro/devkitA64/bin/../lib/gcc/aarch64-none-elf/13.1.0/../../../../aarch64-none-elf/lib/pic/libg.a(libc_a-ctype_.o)
                0x000000000000e0a8                _ctype_
 *fill*         0x000000000000e1a9        0x7 
 .rodata.cst16  0x000000000000e1b0       0x10 /opt/devkitpro/devkitA64/bin/../lib/gcc/aarch64-none-elf/13.1.0/../../../../aarch64-none-elf/lib/pic/libg.a(libc_a-mallocr.o)
 .rodata.AddDevice.str1.8
                0x000000000000e1c0        0x8 /opt/devkitpro/devkitA64/bin/../lib/gcc/aarch64-none-elf/13.1.0/../../../../aarch64-none-elf/lib/pic/libsysbase.a(libsysbase_libsysbase_a-iosupport.o)
                0x000000000000e1c8                . = ALIGN (0x8)

.eh_frame_hdr   0x000000000000e1c0        0x0
                0x000000000000e1c0                __eh_frame_hdr_start = .
 *(.eh_frame_hdr)
 *(.eh_frame_entry .eh_frame_entry.*)
                0x000000000000e1c0                __eh_frame_hdr_end = .

.eh_frame       0x000000000000e1c0     0x2a24
 *(.eh_frame)
 .eh_frame      0x000000000000e1c0       0x50 /opt/devkitpro/devkitA64/bin/../lib/gcc/aarch64-none-elf/13.1.0/pic/crtbegin.o
 .eh_frame      0x000000000000e210        0x0 ipc.o
                                        0x1b8 (size before relaxing)
 .eh_frame      0x000000000000e210      0x140 /opt/devkitpro/libnx/lib/libnx.a(sm.o)
                                        0x2f8 (size before relaxing)
 .eh_frame      0x000000000000e350       0x18 /opt/devkitpro/libnx/lib/libnx.a(diag.o)
                                         0x30 (size before relaxing)
 .eh_frame      0x000000000000e368       0x28 /opt/devkitpro/libnx/lib/libnx.a(hosversion.o)
                                         0x50 (size before relaxing)
 .eh_frame      0x000000000000e390      0x190 /opt/devkitpro/libnx/lib/libnx.a(svc.o)
                                        0xa00 (size before relaxing)
 .eh_frame      0x000000000000e520       0xa0 /opt/devkitpro/libnx/lib/libnx.a(mutex.o)
                                         0xf0 (size before relaxing)
 .eh_frame      0x000000000000e5c0       0xb8 /opt/devkitpro/libnx/lib/libnx.a(argv.o)
                                         0xd0 (size before relaxing)
 .eh_frame      0x000000000000e678       0x18 /opt/devkitpro/libnx/lib/libnx.a(dynamic.o)
                                         0x30 (size before relaxing)
 .eh_frame      0x000000000000e690      0x148 /opt/devkitpro/libnx/lib/libnx.a(env.o)
                                        0x210 (size before relaxing)
 .eh_frame      0x000000000000e7d8       0xa8 /opt/devkitpro/libnx/lib/libnx.a(init.o)
                                         0xc0 (size before relaxing)
 .eh_frame      0x000000000000e880       0xd0 /opt/devkitpro/libnx/lib/libnx.a(newlib.o)
                                        0x408 (size before relaxing)
 .eh_frame      0x000000000000e950       0x50 /opt/devkitpro/libnx/lib/libnx.a(nxlink.o)
                                         0x68 (size before relaxing)
 .eh_frame      0x000000000000e9a0      0x688 /opt/devkitpro/libnx/lib/libnx.a(fs_dev.o)
                                        0x990 (size before relaxing)
 .eh_frame      0x000000000000f028       0x18 /opt/devkitpro/libnx/lib/libnx.a(decode_utf8.o)
                                         0x28 (size before relaxing)
 .eh_frame      0x000000000000f040       0x28 /opt/devkitpro/libnx/lib/libnx.a(exception.o)
                                         0x40 (size before relaxing)
 .eh_frame      0x000000000000f068       0x18 /opt/devkitpro/libnx/lib/libnx.a(readtp.o)
                                         0x28 (size before relaxing)
 .eh_frame      0x000000000000f080       0x30 /opt/devkitpro/libnx/lib/libnx.a(condvar.o)
                                         0x48 (size before relaxing)
 .eh_frame      0x000000000000f0b0       0x28 /opt/devkitpro/libnx/lib/libnx.a(thread.o)
                                        0x220 (size before relaxing)
 .eh_frame      0x000000000000f0d8      0x148 /opt/devkitpro/libnx/lib/libnx.a(virtmem.o)
                                        0x220 (size before relaxing)
 .eh_frame      0x000000000000f220       0x48 /opt/devkitpro/libnx/lib/libnx.a(wait.o)
                                         0xb0 (size before relaxing)
 .eh_frame      0x000000000000f268      0x500 /opt/devkitpro/libnx/lib/libnx.a(applet.o)
                                       0x46a0 (size before relaxing)
 .eh_frame      0x000000000000f768      0x528 /opt/devkitpro/libnx/lib/libnx.a(fs.o)
                                       0x1600 (size before relaxing)
 .eh_frame      0x000000000000fc90       0xe8 /opt/devkitpro/libnx/lib/libnx.a(hid.o)
                                       0x1b98 (size before relaxing)
 .eh_frame      0x000000000000fd78       0xd8 /opt/devkitpro/libnx/lib/libnx.a(set.o)
                                       0x2c60 (size before relaxing)
 .eh_frame      0x000000000000fe50      0x1d8 /opt/devkitpro/libnx/lib/libnx.a(time.o)
                                        0x440 (size before relaxing)
 .eh_frame      0x0000000000010028       0x28 /opt/devkitpro/libnx/lib/libnx.a(alloc.o)
                                         0x50 (size before relaxing)
 .eh_frame      0x0000000000010050       0x60 /opt/devkitpro/libnx/lib/libnx.a(event.o)
                                         0xc0 (size before relaxing)
 .eh_frame      0x00000000000100b0       0x60 /opt/devkitpro/libnx/lib/libnx.a(random.o)
                                         0x70 (size before relaxing)
 .eh_frame      0x0000000000010110       0x98 /opt/devkitpro/libnx/lib/libnx.a(shmem.o)
                                         0xc0 (size before relaxing)
 .eh_frame      0x00000000000101a8       0x78 /opt/devkitpro/libnx/lib/libnx.a(tmem.o)
                                        0x198 (size before relaxing)
 .eh_frame      0x0000000000010220      0x100 /opt/devkitpro/libnx/lib/libnx.a(sessionmgr.o)
                                        0x118 (size before relaxing)
 .eh_frame      0x0000000000010320       0xe0 /opt/devkitpro/libnx/lib/libnx.a(apm.o)
                                        0x168 (size before relaxing)
 .eh_frame      0x0000000000010400        0x0 /opt/devkitpro/devkitA64/bin/../lib/gcc/aarch64-none-elf/13.1.0/../../../../aarch64-none-elf/lib/pic/libg.a(libc_a-ctype_.o)
                                         0x28 (size before relaxing)
 .eh_frame      0x0000000000010400       0x28 /opt/devkitpro/devkitA64/bin/../lib/gcc/aarch64-none-elf/13.1.0/../../../../aarch64-none-elf/lib/pic/libg.a(libc_a-setenv.o)
                                         0x60 (size before relaxing)
 .eh_frame      0x0000000000010428       0x68 /opt/devkitpro/devkitA64/bin/../lib/gcc/aarch64-none-elf/13.1.0/../../../../aarch64-none-elf/lib/pic/libg.a(libc_a-bsearch.o)
                                         0x78 (size before relaxing)
 .eh_frame      0x0000000000010490       0x78 /opt/devkitpro/devkitA64/bin/../lib/gcc/aarch64-none-elf/13.1.0/../../../../aarch64-none-elf/lib/pic/libg.a(libc_a-setenv_r.o)
                                         0xc8 (size before relaxing)
 .eh_frame      0x0000000000010508       0x28 /opt/devkitpro/devkitA64/bin/../lib/gcc/aarch64-none-elf/13.1.0/../../../../aarch64-none-elf/lib/pic/libg.a(libc_a-envlock.o)
                                         0x40 (size before relaxing)
 .eh_frame      0x0000000000010530        0x0 /opt/devkitpro/devkitA64/bin/../lib/gcc/aarch64-none-elf/13.1.0/../../../../aarch64-none-elf/lib/pic/libg.a(libc_a-aligned_alloc.o)
                                         0x38 (size before relaxing)
 .eh_frame      0x0000000000010530       0x30 /opt/devkitpro/devkitA64/bin/../lib/gcc/aarch64-none-elf/13.1.0/../../../../aarch64-none-elf/lib/pic/libg.a(libc_a-exit.o)
                                         0x48 (size before relaxing)
 .eh_frame      0x0000000000010560       0x48 /opt/devkitpro/devkitA64/bin/../lib/gcc/aarch64-none-elf/13.1.0/../../../../aarch64-none-elf/lib/pic/libg.a(libc_a-malloc.o)
                                         0x60 (size before relaxing)
 .eh_frame      0x00000000000105a8       0xe0 /opt/devkitpro/devkitA64/bin/../lib/gcc/aarch64-none-elf/13.1.0/../../../../aarch64-none-elf/lib/pic/libg.a(libc_a-mallocr.o)
                                         0xf8 (size before relaxing)
 .eh_frame      0x0000000000010688       0x58 /opt/devkitpro/devkitA64/bin/../lib/gcc/aarch64-none-elf/13.1.0/../../../../aarch64-none-elf/lib/pic/libg.a(libc_a-getenv_r.o)
                                         0x90 (size before relaxing)
 .eh_frame      0x00000000000106e0       0x28 /opt/devkitpro/devkitA64/bin/../lib/gcc/aarch64-none-elf/13.1.0/../../../../aarch64-none-elf/lib/pic/libg.a(libc_a-mlock.o)
                                         0x40 (size before relaxing)
 .eh_frame      0x0000000000010708       0x28 /opt/devkitpro/devkitA64/bin/../lib/gcc/aarch64-none-elf/13.1.0/../../../../aarch64-none-elf/lib/pic/libg.a(libc_a-gmtime.o)
                                         0x38 (size before relaxing)
 .eh_frame      0x0000000000010730       0x18 /opt/devkitpro/devkitA64/bin/../lib/gcc/aarch64-none-elf/13.1.0/../../../../aarch64-none-elf/lib/pic/libg.a(libc_a-strncat.o)
                                         0x28 (size before relaxing)
 .eh_frame      0x0000000000010748       0x18 /opt/devkitpro/devkitA64/bin/../lib/gcc/aarch64-none-elf/13.1.0/../../../../aarch64-none-elf/lib/pic/libg.a(libc_a-gmtime_r.o)
                                         0x28 (size before relaxing)
 .eh_frame      0x0000000000010760       0xd8 /opt/devkitpro/devkitA64/bin/../lib/gcc/aarch64-none-elf/13.1.0/../../../../aarch64-none-elf/lib/pic/libg.a(libc_a-reallocr.o)
                                         0xf0 (size before relaxing)
 .eh_frame      0x0000000000010838       0x18 /opt/devkitpro/devkitA64/bin/../lib/gcc/aarch64-none-elf/13.1.0/../../../../aarch64-none-elf/lib/pic/libg.a(libc_a-strncpy.o)
                                         0x28 (size before relaxing)
 .eh_frame      0x0000000000010850        0x0 /opt/devkitpro/devkitA64/bin/../lib/gcc/aarch64-none-elf/13.1.0/../../../../aarch64-none-elf/lib/pic/libg.a(libc_a-findfp.o)
                                        0x190 (size before relaxing)
 .eh_frame      0x0000000000010850       0x40 /opt/devkitpro/devkitA64/bin/../lib/gcc/aarch64-none-elf/13.1.0/../../../../aarch64-none-elf/lib/pic/libg.a(libc_a-strtoul.o)
                                         0xa8 (size before relaxing)
 .eh_frame      0x0000000000010890       0x28 /opt/devkitpro/devkitA64/bin/../lib/gcc/aarch64-none-elf/13.1.0/../../../../aarch64-none-elf/lib/pic/libg.a(libc_a-init.o)
                                         0x40 (size before relaxing)
 .eh_frame      0x00000000000108b8       0x28 /opt/devkitpro/devkitA64/bin/../lib/gcc/aarch64-none-elf/13.1.0/../../../../aarch64-none-elf/lib/pic/libg.a(libc_a-fini.o)
                                         0x38 (size before relaxing)
 .eh_frame      0x00000000000108e0       0x20 /opt/devkitpro/devkitA64/bin/../lib/gcc/aarch64-none-elf/13.1.0/../../../../aarch64-none-elf/lib/pic/libg.a(libc_a-errno.o)
                                         0x38 (size before relaxing)
 .eh_frame      0x0000000000010900        0x0 /opt/devkitpro/devkitA64/bin/../lib/gcc/aarch64-none-elf/13.1.0/../../../../aarch64-none-elf/lib/pic/libg.a(libc_a-malignr.o)
                                         0x68 (size before relaxing)
 .eh_frame      0x0000000000010900        0x0 /opt/devkitpro/devkitA64/bin/../lib/gcc/aarch64-none-elf/13.1.0/../../../../aarch64-none-elf/lib/pic/libg.a(libc_a-stdio.o)
                                         0xc8 (size before relaxing)
 .eh_frame      0x0000000000010900       0x80 /opt/devkitpro/devkitA64/bin/../lib/gcc/aarch64-none-elf/13.1.0/../../../../aarch64-none-elf/lib/pic/libg.a(libc_a-freer.o)
                                         0x90 (size before relaxing)
 .eh_frame      0x0000000000010980        0x0 /opt/devkitpro/devkitA64/bin/../lib/gcc/aarch64-none-elf/13.1.0/../../../../aarch64-none-elf/lib/pic/libg.a(libc_a-fclose.o)
                                         0x80 (size before relaxing)
 .eh_frame      0x0000000000010980        0x0 /opt/devkitpro/devkitA64/bin/../lib/gcc/aarch64-none-elf/13.1.0/../../../../aarch64-none-elf/lib/pic/libg.a(libc_a-fflush.o)
                                         0xb0 (size before relaxing)
 .eh_frame      0x0000000000010980        0x0 /opt/devkitpro/devkitA64/bin/../lib/gcc/aarch64-none-elf/13.1.0/../../../../aarch64-none-elf/lib/pic/libg.a(libc_a-fwalk.o)
                                         0x50 (size before relaxing)
 .eh_frame      0x0000000000010980       0x20 /opt/devkitpro/devkitA64/bin/../lib/gcc/aarch64-none-elf/13.1.0/../../../../aarch64-none-elf/lib/pic/libsysbase.a(libsysbase_libsysbase_a-_exit.o)
                                         0x38 (size before relaxing)
 .eh_frame      0x00000000000109a0       0x30 /opt/devkitpro/devkitA64/bin/../lib/gcc/aarch64-none-elf/13.1.0/../../../../aarch64-none-elf/lib/pic/libsysbase.a(libsysbase_libsysbase_a-chdir.o)
                                         0x70 (size before relaxing)
 .eh_frame      0x00000000000109d0       0x90 /opt/devkitpro/devkitA64/bin/../lib/gcc/aarch64-none-elf/13.1.0/../../../../aarch64-none-elf/lib/pic/libsysbase.a(libsysbase_libsysbase_a-concatenate.o)
                                         0xa0 (size before relaxing)
 .eh_frame      0x0000000000010a60       0x18 /opt/devkitpro/devkitA64/bin/../lib/gcc/aarch64-none-elf/13.1.0/../../../../aarch64-none-elf/lib/pic/libsysbase.a(libsysbase_libsysbase_a-getreent.o)
                                         0x28 (size before relaxing)
 .eh_frame      0x0000000000010a78        0x0 /opt/devkitpro/devkitA64/bin/../lib/gcc/aarch64-none-elf/13.1.0/../../../../aarch64-none-elf/lib/pic/libsysbase.a(libsysbase_libsysbase_a-handle_manager.o)
                                        0x148 (size before relaxing)
 .eh_frame      0x0000000000010a78      0x128 /opt/devkitpro/devkitA64/bin/../lib/gcc/aarch64-none-elf/13.1.0/../../../../aarch64-none-elf/lib/pic/libsysbase.a(libsysbase_libsysbase_a-iosupport.o)
                                        0x138 (size before relaxing)
 .eh_frame      0x0000000000010ba0        0x0 /opt/devkitpro/devkitA64/bin/../lib/gcc/aarch64-none-elf/13.1.0/../../../../aarch64-none-elf/lib/pic/libsysbase.a(libsysbase_libsysbase_a-lseek.o)
                                         0x48 (size before relaxing)
 .eh_frame      0x0000000000010ba0        0x0 /opt/devkitpro/devkitA64/bin/../lib/gcc/aarch64-none-elf/13.1.0/../../../../aarch64-none-elf/lib/pic/libsysbase.a(libsysbase_libsysbase_a-read.o)
                                         0x50 (size before relaxing)
 .eh_frame      0x0000000000010ba0       0x18 /opt/devkitpro/devkitA64/bin/../lib/gcc/aarch64-none-elf/13.1.0/../../../../aarch64-none-elf/lib/pic/libsysbase.a(libsysbase_libsysbase_a-sbrk.o)
                                         0x28 (size before relaxing)
 .eh_frame      0x0000000000010bb8       0x28 /opt/devkitpro/devkitA64/bin/../lib/gcc/aarch64-none-elf/13.1.0/../../../../aarch64-none-elf/lib/pic/libsysbase.a(libsysbase_libsysbase_a-syscall_support.o)
                                        0x118 (size before relaxing)
 .eh_frame      0x0000000000010be0        0x0 /opt/devkitpro/devkitA64/bin/../lib/gcc/aarch64-none-elf/13.1.0/../../../../aarch64-none-elf/lib/pic/libsysbase.a(libsysbase_libsysbase_a-write.o)
                                         0x50 (size before relaxing)
 .eh_frame      0x0000000000010be0        0x0 /opt/devkitpro/devkitA64/bin/../lib/gcc/aarch64-none-elf/13.1.0/../../../../aarch64-none-elf/lib/pic/libsysbase.a(libsysbase_libsysbase_a-clocks.o)
                                         0x78 (size before relaxing)
 .eh_frame      0x0000000000010be0        0x4 /opt/devkitpro/devkitA64/bin/../lib/gcc/aarch64-none-elf/13.1.0/pic/crtend.o
 *(.eh_frame.*)

.gcc_except_table
 *(.gcc_except_table .gcc_except_table.*)

.gnu_extab
 *(.gnu_extab*)

.dynamic        0x0000000000010be8      0x150
 *(.dynamic)
 .dynamic       0x0000000000010be8      0x150 /opt/devkitpro/devkitA64/bin/../lib/gcc/aarch64-none-elf/13.1.0/pic/crti.o
                0x0000000000010be8                _DYNAMIC

.dynsym         0x0000000000010d38       0x48
 *(.dynsym)
 .dynsym        0x0000000000010d38       0x48 /opt/devkitpro/devkitA64/bin/../lib/gcc/aarch64-none-elf/13.1.0/pic/crti.o

.dynstr         0x0000000000010d80        0x1
 *(.dynstr)
 .dynstr        0x0000000000010d80        0x1 /opt/devkitpro/devkitA64/bin/../lib/gcc/aarch64-none-elf/13.1.0/pic/crti.o

.rela.dyn       0x0000000000010d88     0x2100
 *(.rela.*)
 .rela.got      0x0000000000010d88      0x468 /opt/devkitpro/devkitA64/bin/../lib/gcc/aarch64-none-elf/13.1.0/pic/crti.o
 .rela.plt      0x00000000000111f0       0x18 /opt/devkitpro/devkitA64/bin/../lib/gcc/aarch64-none-elf/13.1.0/pic/crti.o
 .rela.bss      0x0000000000011208        0x0 /opt/devkitpro/devkitA64/bin/../lib/gcc/aarch64-none-elf/13.1.0/pic/crti.o
 .rela.data.rel.ro
                0x0000000000011208        0x0 /opt/devkitpro/devkitA64/bin/../lib/gcc/aarch64-none-elf/13.1.0/pic/crti.o
 .rela.init_array
                0x0000000000011208       0x18 /opt/devkitpro/devkitA64/bin/../lib/gcc/aarch64-none-elf/13.1.0/pic/crti.o
 .rela.fini_array
                0x0000000000011220       0x18 /opt/devkitpro/devkitA64/bin/../lib/gcc/aarch64-none-elf/13.1.0/pic/crti.o
 .rela.ifunc    0x0000000000011238        0x0 /opt/devkitpro/devkitA64/bin/../lib/gcc/aarch64-none-elf/13.1.0/pic/crti.o
 .rela.data.rel.ro.local.fsdev_devoptab
                0x0000000000011238      0x228 /opt/devkitpro/devkitA64/bin/../lib/gcc/aarch64-none-elf/13.1.0/pic/crti.o
 .rela.data.rel.local.environ
                0x0000000000011460       0x18 /opt/devkitpro/devkitA64/bin/../lib/gcc/aarch64-none-elf/13.1.0/pic/crti.o
 .rela.data.rel.__malloc_av_
                0x0000000000011478     0x1800 /opt/devkitpro/devkitA64/bin/../lib/gcc/aarch64-none-elf/13.1.0/pic/crti.o
 .rela.data.rel._impure_ptr
                0x0000000000012c78       0x18 /opt/devkitpro/devkitA64/bin/../lib/gcc/aarch64-none-elf/13.1.0/pic/crti.o
 .rela.data.rel._impure_data
                0x0000000000012c90       0x48 /opt/devkitpro/devkitA64/bin/../lib/gcc/aarch64-none-elf/13.1.0/pic/crti.o
 .rela.data.rel.devoptab_list
                0x0000000000012cd8      0x180 /opt/devkitpro/devkitA64/bin/../lib/gcc/aarch64-none-elf/13.1.0/pic/crti.o
 .rela.data.rel.ro.local.dotab_stdnull
                0x0000000000012e58       0x30 /opt/devkitpro/devkitA64/bin/../lib/gcc/aarch64-none-elf/13.1.0/pic/crti.o

.interp
 *(.interp)

.hash           0x0000000000012e88       0x18
 *(.hash)
 .hash          0x0000000000012e88       0x18 /opt/devkitpro/devkitA64/bin/../lib/gcc/aarch64-none-elf/13.1.0/pic/crti.o

.gnu.hash
 *(.gnu.hash)

.gnu.version    0x0000000000012ea0        0x0
 *(.gnu.version)
 .gnu.version   0x0000000000012ea0        0x0 /opt/devkitpro/devkitA64/bin/../lib/gcc/aarch64-none-elf/13.1.0/pic/crti.o

.gnu.version_d  0x0000000000012ea0        0x0
 *(.gnu.version_d)
 .gnu.version_d
                0x0000000000012ea0        0x0 /opt/devkitpro/devkitA64/bin/../lib/gcc/aarch64-none-elf/13.1.0/pic/crti.o

.gnu.version_r  0x0000000000012ea0        0x0
 *(.gnu.version_r)
 .gnu.version_r
                0x0000000000012ea0        0x0 /opt/devkitpro/devkitA64/bin/../lib/gcc/aarch64-none-elf/13.1.0/pic/crti.o

.note.gnu.build-id
                0x0000000000012ea0       0x24
 *(.note.gnu.build-id)
 .note.gnu.build-id
                0x0000000000012ea0       0x24 /opt/devkitpro/devkitA64/bin/../lib/gcc/aarch64-none-elf/13.1.0/pic/crti.o
                0x0000000000013000                . = ALIGN (0x1000)
                0x0000000000013000                __data_start = .

.eh_frame
 *(.eh_frame)
 *(.eh_frame.*)

.gcc_except_table
 *(.gcc_except_table .gcc_except_table.*)

.gnu_extab
 *(.gnu_extab*)

.exception_ranges
 *(.exception_ranges .exception_ranges*)

.tdata          0x0000000000013000        0x0
                0x0000000000013000                __tdata_lma = .
 *(.tdata .tdata.* .gnu.linkonce.td.*)
                0x0000000000013000                . = ALIGN (0x8)
                0x0000000000013000                __tdata_lma_end = .

.tbss           0x0000000000013000      0x410
 *(.tbss .tbss.* .gnu.linkonce.tb.*)
 .tbss.fsdev_last_result
                0x0000000000013000        0x4 /opt/devkitpro/libnx/lib/libnx.a(fs_dev.o)
 *fill*         0x0000000000013004        0x4 
 .tbss.__nx_dev_path_buf
                0x0000000000013008      0x401 /opt/devkitpro/libnx/lib/libnx.a(path_buf.o)
                0x0000000000013008                __nx_dev_path_buf
 *fill*         0x0000000000013409        0x3 
 .tbss.g_fsPriority
                0x000000000001340c        0x4 /opt/devkitpro/libnx/lib/libnx.a(fs.o)
 *(.tcommon)
                0x0000000000013410                . = ALIGN (0x8)

.preinit_array  0x0000000000013000        0x0
                0x0000000000013000                PROVIDE (__preinit_array_start = .)
 *(.preinit_array)
                0x0000000000013000                PROVIDE (__preinit_array_end = .)

.init_array     0x0000000000013000        0x8
                0x0000000000013000                PROVIDE (__init_array_start = .)
 *(SORT_BY_INIT_PRIORITY(.init_array.*) SORT_BY_INIT_PRIORITY(.ctors.*))
 *(.init_array .ctors)
 .init_array    0x0000000000013000        0x8 /opt/devkitpro/devkitA64/bin/../lib/gcc/aarch64-none-elf/13.1.0/pic/crtbegin.o
                0x0000000000013008                PROVIDE (__init_array_end = .)

.fini_array     0x0000000000013008        0x8
                0x0000000000013008                PROVIDE (__fini_array_start = .)
 *(SORT_BY_INIT_PRIORITY(.fini_array.*) SORT_BY_INIT_PRIORITY(.dtors.*))
 *(.fini_array .dtors)
 .fini_array    0x0000000000013008        0x8 /opt/devkitpro/devkitA64/bin/../lib/gcc/aarch64-none-elf/13.1.0/pic/crtbegin.o
                0x0000000000013010                PROVIDE (__fini_array_end = .)
                0x0000000000013010                __got_start__ = .

.got            0x0000000000013010      0x1b8
 *(.got)
 .got           0x0000000000013010      0x1b8 /opt/devkitpro/devkitA64/bin/../lib/gcc/aarch64-none-elf/13.1.0/pic/crti.o
                0x0000000000013010                _GLOBAL_OFFSET_TABLE_
 *(.igot)

.got.plt        0x00000000000131c8       0x20
 *(.got.plt)
 .got.plt       0x00000000000131c8       0x20 /opt/devkitpro/devkitA64/bin/../lib/gcc/aarch64-none-elf/13.1.0/pic/crti.o
 *(.igot.plt)
                0x00000000000131e8                __got_end__ = .

.data           0x00000000000131e8     0x10d4
 *(.data .data.* .gnu.linkonce.d.*)
 .data.rel.ro   0x00000000000131e8        0x0 /opt/devkitpro/devkitA64/bin/../lib/gcc/aarch64-none-elf/13.1.0/pic/crti.o
 .data.__nx_exception_stack_size
                0x00000000000131e8        0x8 /opt/devkitpro/libnx/lib/libnx.a(init.o)
                0x00000000000131e8                __nx_exception_stack_size
 .data.__nx_fsdev_support_cwd
                0x00000000000131f0        0x1 /opt/devkitpro/libnx/lib/libnx.a(fs_dev.o)
                0x00000000000131f0                __nx_fsdev_support_cwd
 *fill*         0x00000000000131f1        0x3 
 .data.__nx_fsdev_direntry_cache_size
                0x00000000000131f4        0x4 /opt/devkitpro/libnx/lib/libnx.a(fs_dev.o)
                0x00000000000131f4                __nx_fsdev_direntry_cache_size
 .data.rel.ro.local.fsdev_devoptab
                0x00000000000131f8      0x100 /opt/devkitpro/libnx/lib/libnx.a(fs_dev.o)
 .data.__nx_applet_init_timeout
                0x00000000000132f8        0x8 /opt/devkitpro/libnx/lib/libnx.a(applet.o)
                0x00000000000132f8                __nx_applet_init_timeout
 .data.__nx_applet_auto_notifyrunning
                0x0000000000013300        0x1 /opt/devkitpro/libnx/lib/libnx.a(applet.o)
                0x0000000000013300                __nx_applet_auto_notifyrunning
 *fill*         0x0000000000013301        0x3 
 .data.__nx_applet_type
                0x0000000000013304        0x4 /opt/devkitpro/libnx/lib/libnx.a(applet.o)
                0x0000000000013304                __nx_applet_type
 .data.__nx_fs_num_sessions
                0x0000000000013308        0x4 /opt/devkitpro/libnx/lib/libnx.a(fs.o)
                0x0000000000013308                __nx_fs_num_sessions
 *fill*         0x000000000001330c        0x4 
 .data.rel.local.environ
                0x0000000000013310        0x8 /opt/devkitpro/devkitA64/bin/../lib/gcc/aarch64-none-elf/13.1.0/../../../../aarch64-none-elf/lib/pic/libg.a(libc_a-environ.o)
                0x0000000000013310                environ
 .data.__malloc_sbrk_base
                0x0000000000013318        0x8 /opt/devkitpro/devkitA64/bin/../lib/gcc/aarch64-none-elf/13.1.0/../../../../aarch64-none-elf/lib/pic/libg.a(libc_a-mallocr.o)
                0x0000000000013318                __malloc_sbrk_base
 .data.__malloc_trim_threshold
                0x0000000000013320        0x8 /opt/devkitpro/devkitA64/bin/../lib/gcc/aarch64-none-elf/13.1.0/../../../../aarch64-none-elf/lib/pic/libg.a(libc_a-mallocr.o)
                0x0000000000013320                __malloc_trim_threshold
 .data.rel.__malloc_av_
                0x0000000000013328      0x810 /opt/devkitpro/devkitA64/bin/../lib/gcc/aarch64-none-elf/13.1.0/../../../../aarch64-none-elf/lib/pic/libg.a(libc_a-mallocr.o)
                0x0000000000013328                __malloc_av_
 .data.rel._impure_ptr
                0x0000000000013b38        0x8 /opt/devkitpro/devkitA64/bin/../lib/gcc/aarch64-none-elf/13.1.0/../../../../aarch64-none-elf/lib/pic/libg.a(libc_a-impure.o)
                0x0000000000013b38                _impure_ptr
 .data.rel._impure_data
                0x0000000000013b40      0x160 /opt/devkitpro/devkitA64/bin/../lib/gcc/aarch64-none-elf/13.1.0/../../../../aarch64-none-elf/lib/pic/libg.a(libc_a-impure.o)
                0x0000000000013b40                _impure_data
 .data._current_working_directory
                0x0000000000013ca0      0x400 /opt/devkitpro/devkitA64/bin/../lib/gcc/aarch64-none-elf/13.1.0/../../../../aarch64-none-elf/lib/pic/libsysbase.a(libsysbase_libsysbase_a-chdir.o)
 .data.rel.devoptab_list
                0x00000000000140a0      0x118 /opt/devkitpro/devkitA64/bin/../lib/gcc/aarch64-none-elf/13.1.0/../../../../aarch64-none-elf/lib/pic/libsysbase.a(libsysbase_libsysbase_a-iosupport.o)
                0x00000000000140a0                devoptab_list
 .data.rel.ro.local.dotab_stdnull
                0x00000000000141b8      0x100 /opt/devkitpro/devkitA64/bin/../lib/gcc/aarch64-none-elf/13.1.0/../../../../aarch64-none-elf/lib/pic/libsysbase.a(libsysbase_libsysbase_a-iosupport.o)
                0x00000000000141b8                dotab_stdnull
 .data.defaultDevice
                0x00000000000142b8        0x4 /opt/devkitpro/devkitA64/bin/../lib/gcc/aarch64-none-elf/13.1.0/../../../../aarch64-none-elf/lib/pic/libsysbase.a(libsysbase_libsysbase_a-iosupport.o)

.bss            0x00000000000142c0     0x4218
 *(.dynbss)
 .dynbss        0x00000000000142c0        0x0 /opt/devkitpro/devkitA64/bin/../lib/gcc/aarch64-none-elf/13.1.0/pic/crti.o
 *(.bss .bss.* .gnu.linkonce.b.*)
 .bss.completed.1
                0x00000000000142c0        0x1 /opt/devkitpro/devkitA64/bin/../lib/gcc/aarch64-none-elf/13.1.0/pic/crtbegin.o
 *fill*         0x00000000000142c1        0x7 
 .bss.object.0  0x00000000000142c8       0x30 /opt/devkitpro/devkitA64/bin/../lib/gcc/aarch64-none-elf/13.1.0/pic/crtbegin.o
 .bss.g_smGuard
                0x00000000000142f8        0x8 /opt/devkitpro/libnx/lib/libnx.a(sm.o)
 .bss.g_smOverridesNum
                0x0000000000014300        0x8 /opt/devkitpro/libnx/lib/libnx.a(sm.o)
 .bss.g_smOverrides
                0x0000000000014308      0x180 /opt/devkitpro/libnx/lib/libnx.a(sm.o)
 .bss.g_smSrv   0x0000000000014488       0x10 /opt/devkitpro/libnx/lib/libnx.a(sm.o)
 .bss.g_hosVersion
                0x0000000000014498        0x4 /opt/devkitpro/libnx/lib/libnx.a(hosversion.o)
 *fill*         0x000000000001449c        0x4 
 .bss.__stack_top
                0x00000000000144a0        0x8 /opt/devkitpro/libnx/lib/libnx.a(switch_crt0.o)
                0x00000000000144a0                __stack_top
 .bss.g_argv_empty
                0x00000000000144a8        0x8 /opt/devkitpro/libnx/lib/libnx.a(argv.o)
 .bss.__system_argv
                0x00000000000144b0        0x8 /opt/devkitpro/libnx/lib/libnx.a(argv.o)
                0x00000000000144b0                __system_argv
 .bss.__system_argc
                0x00000000000144b8        0x4 /opt/devkitpro/libnx/lib/libnx.a(argv.o)
                0x00000000000144b8                __system_argc
 *fill*         0x00000000000144bc        0x4 
 .bss.g_userIdStorage
                0x00000000000144c0        0x8 /opt/devkitpro/libnx/lib/libnx.a(env.o)
 *fill*         0x00000000000144c8        0x8 
 .bss.g_randomSeed
                0x00000000000144d0       0x10 /opt/devkitpro/libnx/lib/libnx.a(env.o)
 .bss.g_hasRandomSeed
                0x00000000000144e0        0x1 /opt/devkitpro/libnx/lib/libnx.a(env.o)
 *fill*         0x00000000000144e1        0x3 
 .bss.g_lastLoadResult
                0x00000000000144e4        0x4 /opt/devkitpro/libnx/lib/libnx.a(env.o)
 .bss.g_nextLoadArgv
                0x00000000000144e8        0x8 /opt/devkitpro/libnx/lib/libnx.a(env.o)
 .bss.g_nextLoadPath
                0x00000000000144f0        0x8 /opt/devkitpro/libnx/lib/libnx.a(env.o)
 .bss.g_processHandle
                0x00000000000144f8        0x4 /opt/devkitpro/libnx/lib/libnx.a(env.o)
 *fill*         0x00000000000144fc        0x4 
 .bss.g_syscallHints
                0x0000000000014500       0x18 /opt/devkitpro/libnx/lib/libnx.a(env.o)
 .bss.g_overrideArgv
                0x0000000000014518        0x8 /opt/devkitpro/libnx/lib/libnx.a(env.o)
 .bss.g_overrideHeapSize
                0x0000000000014520        0x8 /opt/devkitpro/libnx/lib/libnx.a(env.o)
 .bss.g_overrideHeapAddr
                0x0000000000014528        0x8 /opt/devkitpro/libnx/lib/libnx.a(env.o)
 .bss.g_loaderRetAddr
                0x0000000000014530        0x8 /opt/devkitpro/libnx/lib/libnx.a(env.o)
 .bss.g_mainThreadHandle
                0x0000000000014538        0x4 /opt/devkitpro/libnx/lib/libnx.a(env.o)
 *fill*         0x000000000001453c        0x4 
 .bss.g_loaderInfoSize
                0x0000000000014540        0x8 /opt/devkitpro/libnx/lib/libnx.a(env.o)
 .bss.g_loaderInfo
                0x0000000000014548        0x8 /opt/devkitpro/libnx/lib/libnx.a(env.o)
 .bss.g_isNso   0x0000000000014550        0x1 /opt/devkitpro/libnx/lib/libnx.a(env.o)
 *fill*         0x0000000000014551        0xf 
 .bss.__nx_exceptiondump
                0x0000000000014560      0x340 /opt/devkitpro/libnx/lib/libnx.a(init.o)
                0x0000000000014560                __nx_exceptiondump
 .bss.__nx_exception_ignoredebug
                0x00000000000148a0        0x4 /opt/devkitpro/libnx/lib/libnx.a(init.o)
                0x00000000000148a0                __nx_exception_ignoredebug
 *fill*         0x00000000000148a4        0xc 
 .bss.__nx_exception_stack
                0x00000000000148b0      0x400 /opt/devkitpro/libnx/lib/libnx.a(init.o)
                0x00000000000148b0                __nx_exception_stack
 .bss.__nx_heap_size
                0x0000000000014cb0        0x8 /opt/devkitpro/libnx/lib/libnx.a(init.o)
                0x0000000000014cb0                __nx_heap_size
 .bss.__bootticks
                0x0000000000014cb8        0x8 /opt/devkitpro/libnx/lib/libnx.a(newlib.o)
 .bss.__boottime
                0x0000000000014cc0        0x8 /opt/devkitpro/libnx/lib/libnx.a(newlib.o)
 .bss.__nx_time_type
                0x0000000000014cc8        0x4 /opt/devkitpro/libnx/lib/libnx.a(newlib.o)
                0x0000000000014cc8                __nx_time_type
 *fill*         0x0000000000014ccc        0x4 
 .bss.__nxlink_host
                0x0000000000014cd0        0x4 /opt/devkitpro/libnx/lib/libnx.a(nxlink.o)
                0x0000000000014cd0                __nxlink_host
 *fill*         0x0000000000014cd4        0x4 
 .bss.fsdev_fsdevices
                0x0000000000014cd8     0x2800 /opt/devkitpro/libnx/lib/libnx.a(fs_dev.o)
 .bss.fsdev_fsdevice_cwd
                0x00000000000174d8        0x4 /opt/devkitpro/libnx/lib/libnx.a(fs_dev.o)
 .bss.fsdev_initialised
                0x00000000000174dc        0x1 /opt/devkitpro/libnx/lib/libnx.a(fs_dev.o)
 *fill*         0x00000000000174dd        0x3 
 .bss.g_mainThread
                0x00000000000174e0       0x38 /opt/devkitpro/libnx/lib/libnx.a(thread.o)
 .bss.g_threadList
                0x0000000000017518        0x8 /opt/devkitpro/libnx/lib/libnx.a(thread.o)
 .bss.g_threadMutex
                0x0000000000017520        0x4 /opt/devkitpro/libnx/lib/libnx.a(thread.o)
 .bss.g_IsLegacyKernel
                0x0000000000017524        0x1 /opt/devkitpro/libnx/lib/libnx.a(virtmem.o)
 *fill*         0x0000000000017525        0x3 
 .bss.g_Reservations
                0x0000000000017528        0x8 /opt/devkitpro/libnx/lib/libnx.a(virtmem.o)
 .bss.g_StackRegion
                0x0000000000017530       0x10 /opt/devkitpro/libnx/lib/libnx.a(virtmem.o)
 .bss.g_AslrRegion
                0x0000000000017540       0x10 /opt/devkitpro/libnx/lib/libnx.a(virtmem.o)
 .bss.g_HeapRegion
                0x0000000000017550       0x10 /opt/devkitpro/libnx/lib/libnx.a(virtmem.o)
 .bss.g_AliasRegion
                0x0000000000017560       0x10 /opt/devkitpro/libnx/lib/libnx.a(virtmem.o)
 .bss.g_VirtmemMutex
                0x0000000000017570        0x4 /opt/devkitpro/libnx/lib/libnx.a(virtmem.o)
 *fill*         0x0000000000017574        0x4 
 .bss.g_appletGuard
                0x0000000000017578        0x8 /opt/devkitpro/libnx/lib/libnx.a(applet.o)
 .bss.g_appletInfoInitialized
                0x0000000000017580        0x1 /opt/devkitpro/libnx/lib/libnx.a(applet.o)
 *fill*         0x0000000000017581        0x7 
 .bss.g_appletInfo
                0x0000000000017588       0x50 /opt/devkitpro/libnx/lib/libnx.a(applet.o)
 .bss.g_appletCpuBoostMode
                0x00000000000175d8        0x4 /opt/devkitpro/libnx/lib/libnx.a(applet.o)
 *fill*         0x00000000000175dc        0x4 
 .bss.g_appletLibraryAppletLaunchableEvent
                0x00000000000175e0        0xc /opt/devkitpro/libnx/lib/libnx.a(applet.o)
 .bss.g_appletSuspendedTickInitialized
                0x00000000000175ec        0x1 /opt/devkitpro/libnx/lib/libnx.a(applet.o)
 *fill*         0x00000000000175ed        0x3 
 .bss.g_appletSuspendedTick
                0x00000000000175f0        0x8 /opt/devkitpro/libnx/lib/libnx.a(applet.o)
 .bss.g_appletInitTickBase
                0x00000000000175f8        0x8 /opt/devkitpro/libnx/lib/libnx.a(applet.o)
 .bss.g_appletSuspendedTickEvent
                0x0000000000017600        0xc /opt/devkitpro/libnx/lib/libnx.a(applet.o)
 .bss.g_appletCopyrightInitialized
                0x000000000001760c        0x1 /opt/devkitpro/libnx/lib/libnx.a(applet.o)
 *fill*         0x000000000001760d        0x3 
 .bss.g_appletCopyrightTmem
                0x0000000000017610       0x28 /opt/devkitpro/libnx/lib/libnx.a(applet.o)
 .bss.g_appletRecordingInitialized
                0x0000000000017638        0x4 /opt/devkitpro/libnx/lib/libnx.a(applet.o)
 *fill*         0x000000000001763c        0x4 
 .bss.g_appletRecordingTmem
                0x0000000000017640       0x28 /opt/devkitpro/libnx/lib/libnx.a(applet.o)
 .bss.g_appletNotifiedRunning
                0x0000000000017668        0x1 /opt/devkitpro/libnx/lib/libnx.a(applet.o)
 .bss.g_appletFocusState
                0x0000000000017669        0x1 /opt/devkitpro/libnx/lib/libnx.a(applet.o)
 *fill*         0x000000000001766a        0x2 
 .bss.g_appletPerformanceMode
                0x000000000001766c        0x4 /opt/devkitpro/libnx/lib/libnx.a(applet.o)
 .bss.g_appletOperationMode
                0x0000000000017670        0x1 /opt/devkitpro/libnx/lib/libnx.a(applet.o)
 *fill*         0x0000000000017671        0x7 
 .bss.g_appletResourceUserId
                0x0000000000017678        0x8 /opt/devkitpro/libnx/lib/libnx.a(applet.o)
 .bss.g_appletMessageEvent
                0x0000000000017680        0xc /opt/devkitpro/libnx/lib/libnx.a(applet.o)
 *fill*         0x000000000001768c        0x4 
 .bss.g_appletIDebugFunctions